Component: ARM Compiler 5.06 update 7 (build 960) Tool: armlink [4d3601]

==============================================================================

Section Cross References

    hardware_init.o(i.ADC_init) refers to snr8503x_adc.o(i.ADC_StructInit) for ADC_StructInit
    hardware_init.o(i.ADC_init) refers to snr8503x_adc.o(i.ADC_Init) for ADC_Init
    hardware_init.o(i.CMP_init) refers to snr8503x_cmp.o(i.CMP_StructInit) for CMP_StructInit
    hardware_init.o(i.CMP_init) refers to snr8503x_sys.o(i.SYS_AnalogModuleClockCmd) for SYS_AnalogModuleClockCmd
    hardware_init.o(i.CMP_init) refers to snr8503x_cmp.o(i.CMP_Init) for CMP_Init
    hardware_init.o(i.Clock_Init) refers to delay.o(i.delay_init) for delay_init
    hardware_init.o(i.Clock_Init) refers to hardware_init.o(i.SoftDelay) for SoftDelay
    hardware_init.o(i.Clock_Init) refers to snr8503x_sys.o(i.SYS_SoftResetModule) for SYS_SoftResetModule
    hardware_init.o(i.DAC_init) refers to snr8503x_dac.o(i.DAC_StructInit) for DAC_StructInit
    hardware_init.o(i.DAC_init) refers to snr8503x_dac.o(i.DAC_Init) for DAC_Init
    hardware_init.o(i.DAC_init) refers to snr8503x_dac.o(i.DAC_OutputValue) for DAC_OutputValue
    hardware_init.o(i.GPIO_init) refers to snr8503x_gpio.o(i.GPIO_StructInit) for GPIO_StructInit
    hardware_init.o(i.GPIO_init) refers to snr8503x_gpio.o(i.GPIO_Init) for GPIO_Init
    hardware_init.o(i.GPIO_init) refers to snr8503x_gpio.o(i.GPIO_PinAFConfig) for GPIO_PinAFConfig
    hardware_init.o(i.GPIO_init) refers to system_init.o(i.Multiplex_nRST) for Multiplex_nRST
    hardware_init.o(i.GPIO_init) refers to snr8503x_gpio.o(i.GPIO_WriteBit) for GPIO_WriteBit
    hardware_init.o(i.HALL_Perip_Init) refers to snr8503x_hall.o(i.HALL_StructInit) for HALL_StructInit
    hardware_init.o(i.HALL_Perip_Init) refers to snr8503x_hall.o(i.HALL_Init) for HALL_Init
    hardware_init.o(i.HALL_init) refers to snr8503x_hall.o(i.HALL_StructInit) for HALL_StructInit
    hardware_init.o(i.HALL_init) refers to snr8503x_hall.o(i.HALL_Init) for HALL_Init
    hardware_init.o(i.Hardware_init) refers to snr8503x_iwdg.o(i.IWDG_DISABLE) for IWDG_DISABLE
    hardware_init.o(i.Hardware_init) refers to delay.o(i.delay_init) for delay_init
    hardware_init.o(i.Hardware_init) refers to delay.o(i.delay_ms) for delay_ms
    hardware_init.o(i.Hardware_init) refers to ur_ctrl.o(i.UART0_init) for UART0_init
    hardware_init.o(i.Hardware_init) refers to hardware_init.o(i.GPIO_init) for GPIO_init
    hardware_init.o(i.Hardware_init) refers to hardware_init.o(i.HALL_Perip_Init) for HALL_Perip_Init
    hardware_init.o(i.Hardware_init) refers to hardware_init.o(i.PGA_init) for PGA_init
    hardware_init.o(i.Hardware_init) refers to hardware_init.o(i.ADC_init) for ADC_init
    hardware_init.o(i.Hardware_init) refers to hardware_init.o(i.DAC_init) for DAC_init
    hardware_init.o(i.Hardware_init) refers to hardware_init.o(i.CMP_init) for CMP_init
    hardware_init.o(i.Hardware_init) refers to hardware_init.o(i.UTimer_init) for UTimer_init
    hardware_init.o(i.Hardware_init) refers to hardware_init.o(i.MCPWM_init) for MCPWM_init
    hardware_init.o(i.Hardware_init) refers to snr_bldc_hall_v1p0.o(i.BLDC_init) for BLDC_init
    hardware_init.o(i.Hardware_init) refers to snr8503x_dsp.o(i.DSP_Cmd) for DSP_Cmd
    hardware_init.o(i.Hardware_init) refers to hardware_init.o(i.SoftDelay) for SoftDelay
    hardware_init.o(i.Hardware_init) refers to hardware_init.o(i.NVIC_SetPriority) for NVIC_SetPriority
    hardware_init.o(i.Hardware_init) refers to hardware_init.o(i.NVIC_EnableIRQ) for NVIC_EnableIRQ
    hardware_init.o(i.Hardware_init) refers to delay.o(i.delay_us) for delay_us
    hardware_init.o(i.MCPWM_init) refers to snr8503x_mcpwm.o(i.MCPWM_StructInit) for MCPWM_StructInit
    hardware_init.o(i.MCPWM_init) refers to snr8503x_mcpwm.o(i.MCPWM_Init) for MCPWM_Init
    hardware_init.o(i.PGA_init) refers to snr8503x_sys.o(i.SYS_AnalogModuleClockCmd) for SYS_AnalogModuleClockCmd
    hardware_init.o(i.SystemInit) refers to hardware_init.o(i.Clock_Init) for Clock_Init
    hardware_init.o(i.UTimer_init) refers to snr8503x_timer.o(i.TIM_TimerStrutInit) for TIM_TimerStrutInit
    hardware_init.o(i.UTimer_init) refers to snr8503x_timer.o(i.TIM_TimerInit) for TIM_TimerInit
    global_variable.o(i.Init_Parameter) refers to pid.o(i.InitPI) for InitPI
    global_variable.o(i.Init_Parameter) refers to global_variable.o(.bss) for .bss
    global_variable.o(i.Init_Parameter) refers to global_variable.o(.data) for .data
    global_variable.o(i.Init_Parameter) refers to speedramp.o(.bss) for RP
    global_variable.o(i.Init_Parameter) refers to speedramp.o(.bss) for RPValue
    global_variable.o(i.Init_Parameter) refers to speedramp.o(.bss) for SPEED_Cmd
    global_variable.o(i.Init_Parameter) refers to speedramp.o(.bss) for SPEEDValue
    global_variable.o(i.variable_reset) refers to pid.o(i.InitPI) for InitPI
    global_variable.o(i.variable_reset) refers to global_variable.o(.bss) for .bss
[...]
    ../clib/angel/rt.s                       0x00000000   Number         0  rt_raise.o ABSOLUTE
    ../clib/angel/rt.s                       0x00000000   Number         0  rt_div0.o ABSOLUTE
    ../clib/angel/rt.s                       0x00000000   Number         0  aeabi_idiv0_sigfpe.o ABSOLUTE
    ../clib/angel/rt.s                       0x00000000   Number         0  aeabi_idiv0.o ABSOLUTE
    ../clib/angel/scatterp.s                 0x00000000   Number         0  __scatter.o ABSOLUTE
    ../clib/angel/startup.s                  0x00000000   Number         0  __main.o ABSOLUTE
    ../clib/angel/sys.s                      0x00000000   Number         0  libspace.o ABSOLUTE
    ../clib/angel/sys.s                      0x00000000   Number         0  tempstk.o ABSOLUTE
    ../clib/angel/sys.s                      0x00000000   Number         0  sys_stackheap_outer.o ABSOLUTE
    ../clib/angel/sys.s                      0x00000000   Number         0  indicate_semi.o ABSOLUTE
    ../clib/angel/sys.s                      0x00000000   Number         0  use_no_semi.o ABSOLUTE
    ../clib/angel/sysapp.c                   0x00000000   Number         0  sys_exit.o ABSOLUTE
    ../clib/angel/sysapp.c                   0x00000000   Number         0  sys_wrch.o ABSOLUTE
    ../clib/angel/sysapp.c                   0x00000000   Number         0  sys_command.o ABSOLUTE
    ../clib/armsys.c                         0x00000000   Number         0  argv_veneer.o ABSOLUTE
    ../clib/armsys.c                         0x00000000   Number         0  no_argv.o ABSOLUTE
    ../clib/armsys.c                         0x00000000   Number         0  _get_argv_nomalloc.o ABSOLUTE
    ../clib/division.s                       0x00000000   Number         0  aeabi_sdiv.o ABSOLUTE
    ../clib/division.s                       0x00000000   Number         0  aeabi_sdiv_div0.o ABSOLUTE
    ../clib/heapalloc.c                      0x00000000   Number         0  hrguard.o ABSOLUTE
    ../clib/heapaux.c                        0x00000000   Number         0  heapauxi.o ABSOLUTE
    ../clib/libinit.s                        0x00000000   Number         0  libshutdown.o ABSOLUTE
    ../clib/libinit.s                        0x00000000   Number         0  libinit2.o ABSOLUTE
    ../clib/libinit.s                        0x00000000   Number         0  libshutdown2.o ABSOLUTE
    ../clib/libinit.s                        0x00000000   Number         0  libinit.o ABSOLUTE
    ../clib/memcpset.c                       0x00000000   Number         0  rt_memclr.o ABSOLUTE
    ../clib/memcpset.c                       0x00000000   Number         0  rt_memcpy.o ABSOLUTE
    ../clib/memcpset.c                       0x00000000   Number         0  rt_memcpy.o ABSOLUTE
    ../clib/signal.c                         0x00000000   Number         0  defsig_other.o ABSOLUTE
    ../clib/signal.c                         0x00000000   Number         0  __raise.o ABSOLUTE
    ../clib/signal.c                         0x00000000   Number         0  defsig_general.o ABSOLUTE
    ../clib/signal.c                         0x00000000   Number         0  defsig_fpe_inner.o ABSOLUTE
    ../clib/signal.c                         0x00000000   Number         0  defsig_exit.o ABSOLUTE
    ../clib/signal.c                         0x00000000   Number         0  defsig_rtmem_formal.o ABSOLUTE
    ../clib/signal.c                         0x00000000   Number         0  defsig_segv_inner.o ABSOLUTE
    ../clib/signal.c                         0x00000000   Number         0  defsig_cppl_inner.o ABSOLUTE
    ../clib/signal.c                         0x00000000   Number         0  defsig_pvfn_inner.o ABSOLUTE
    ../clib/signal.c                         0x00000000   Number         0  defsig_fpe_outer.o ABSOLUTE
    ../clib/signal.c                         0x00000000   Number         0  defsig_stak_inner.o ABSOLUTE
    ../clib/signal.c                         0x00000000   Number         0  defsig_rtmem_outer.o ABSOLUTE
    ../clib/signal.c                         0x00000000   Number         0  defsig_rtred_inner.o ABSOLUTE
    ../clib/signal.c                         0x00000000   Number         0  defsig_abrt_inner.o ABSOLUTE
    ../clib/signal.c                         0x00000000   Number         0  defsig_rtmem_inner.o ABSOLUTE
    ../clib/signal.c                         0x00000000   Number         0  defsig_fpe_formal.o ABSOLUTE
    ../clib/signal.s                         0x00000000   Number         0  defsig.o ABSOLUTE
    ../clib/stdlib.c                         0x00000000   Number         0  exit.o ABSOLUTE
    ../clib/string.c                         0x00000000   Number         0  strcpy.o ABSOLUTE
    ../clib/string.c                         0x00000000   Number         0  strlen.o ABSOLUTE
    ../fplib/cfplib/d2f.c                    0x00000000   Number         0  d2f.o ABSOLUTE
    ../fplib/cfplib/fdiv.c                   0x00000000   Number         0  fdiv.o ABSOLUTE
    ../fplib/cfplib/ffix.c                   0x00000000   Number         0  ffixi.o ABSOLUTE
    ../fplib/cfplib/ffix.c                   0x00000000   Number         0  ffixui.o ABSOLUTE
    ../fplib/cfplib/fflt.c                   0x00000000   Number         0  fflti.o ABSOLUTE
    ../fplib/cfplib/fpinit.c                 0x00000000   Number         0  fpinit.o ABSOLUTE
    ../fplib/fmul6m.s                        0x00000000   Number         0  fmul.o ABSOLUTE
    ../fplib/usenofp.s                       0x00000000   Number         0  usenofp.o ABSOLUTE
    AppFunction\Global_Variable.c            0x00000000   Number         0  global_variable.o ABSOLUTE
    AppFunction\System_Init.c                0x00000000   Number         0  system_init.o ABSOLUTE
    AppFunction\hardware_init.c              0x00000000   Number         0  hardware_init.o ABSOLUTE
    Kernal_Source\M1_StateMachine.c          0x00000000   Number         0  m1_statemachine.o ABSOLUTE
    Kernal_Source\MC_Drive.c                 0x00000000   Number         0  mc_drive.o ABSOLUTE
    Kernal_Source\MosTest.c                  0x00000000   Number         0  mostest.o ABSOLUTE
    Kernal_Source\PID.c                      0x00000000   Number         0  pid.o ABSOLUTE
    Kernal_Source\Protect.c                  0x00000000   Number         0  protect.o ABSOLUTE
    Kernal_Source\SNR_BLDC_HALL_V1p0.c       0x00000000   Number         0  snr_bldc_hall_v1p0.o ABSOLUTE
    Kernal_Source\Sensor_Control.c           0x00000000   Number         0  sensor_control.o ABSOLUTE
    Kernal_Source\SpeedRamp.c                0x00000000   Number         0  speedramp.o ABSOLUTE
    Kernal_Source\UR_Ctrl.c                  0x00000000   Number         0  ur_ctrl.o ABSOLUTE
    Kernal_Source\interrupt.c                0x00000000   Number         0  interrupt.o ABSOLUTE
    Kernal_Source\main.c                     0x00000000   Number         0  main.o ABSOLUTE
    SEGGER_RTT\SEGGER_RTT.c                  0x00000000   Number         0  segger_rtt.o ABSOLUTE
    SEGGER_RTT\SEGGER_RTT_printf.c           0x00000000   Number         0  segger_rtt_printf.o ABSOLUTE
    SNR8503x_Periph_Driver\Source\delay.c    0x00000000   Number         0  delay.o ABSOLUTE
    SNR8503x_Periph_Driver\Source\snr8503x_DMA.c 0x00000000   Number         0  snr8503x_dma.o ABSOLUTE
    SNR8503x_Periph_Driver\Source\snr8503x_Flash.c 0x00000000   Number         0  snr8503x_flash.o ABSOLUTE
    SNR8503x_Periph_Driver\Source\snr8503x_I2C.c 0x00000000   Number         0  snr8503x_i2c.o ABSOLUTE
    SNR8503x_Periph_Driver\Source\snr8503x_IWDG.c 0x00000000   Number         0  snr8503x_iwdg.o ABSOLUTE
    SNR8503x_Periph_Driver\Source\snr8503x_MCPWM.c 0x00000000   Number         0  snr8503x_mcpwm.o ABSOLUTE
    SNR8503x_Periph_Driver\Source\snr8503x_adc.c 0x00000000   Number         0  snr8503x_adc.o ABSOLUTE
    SNR8503x_Periph_Driver\Source\snr8503x_cmp.c 0x00000000   Number         0  snr8503x_cmp.o ABSOLUTE
    SNR8503x_Periph_Driver\Source\snr8503x_dac.c 0x00000000   Number         0  snr8503x_dac.o ABSOLUTE
    SNR8503x_Periph_Driver\Source\snr8503x_dsp.c 0x00000000   Number         0  snr8503x_dsp.o ABSOLUTE
    SNR8503x_Periph_Driver\Source\snr8503x_gpio.c 0x00000000   Number         0  snr8503x_gpio.o ABSOLUTE
    SNR8503x_Periph_Driver\Source\snr8503x_hall.c 0x00000000   Number         0  snr8503x_hall.o ABSOLUTE
    SNR8503x_Periph_Driver\Source\snr8503x_spi.c 0x00000000   Number         0  snr8503x_spi.o ABSOLUTE
    SNR8503x_Periph_Driver\Source\snr8503x_sys.c 0x00000000   Number         0  snr8503x_sys.o ABSOLUTE
    SNR8503x_Periph_Driver\Source\snr8503x_timer.c 0x00000000   Number         0  snr8503x_timer.o ABSOLUTE
    SNR8503x_Periph_Driver\Source\snr8503x_uart.c 0x00000000   Number         0  snr8503x_uart.o ABSOLUTE
    SNR8503x_Periph_Driver\include\startup_snr8503x.s 0x00000000   Number         0  startup_snr8503x.o ABSOLUTE
    dc.s                                     0x00000000   Number         0  dc.o ABSOLUTE
    lks32mc03x_NVR.c                         0x00000000   Number         0  lks32mc03x_nvr.o ABSOLUTE
    !!!main                                  0x000000c0   Section        8  __main.o(!!!main)
    !!!scatter                               0x000000c8   Section       60  __scatter.o(!!!scatter)
    !!handler_copy                           0x00000104   Section       26  __scatter_copy.o(!!handler_copy)
    !!handler_zi                             0x00000120   Section       28  __scatter_zi.o(!!handler_zi)
    .ARM.Collect$$libinit$$00000000          0x0000013c   Section        2  libinit.o(.ARM.Collect$$libinit$$00000000)
    .ARM.Collect$$libinit$$00000002          0x0000013e   Section        0  libinit2.o(.ARM.Collect$$libinit$$00000002)
    .ARM.Collect$$libinit$$00000004          0x0000013e   Section        0  libinit2.o(.ARM.Collect$$libinit$$00000004)
    .ARM.Collect$$libinit$$0000000A          0x0000013e   Section        0  libinit2.o(.ARM.Collect$$libinit$$0000000A)
    .ARM.Collect$$libinit$$0000000C          0x0000013e   Section        0  libinit2.o(.ARM.Collect$$libinit$$0000000C)
    .ARM.Collect$$libinit$$0000000E          0x0000013e   Section        0  libinit2.o(.ARM.Collect$$libinit$$0000000E)
    .ARM.Collect$$libinit$$00000011          0x0000013e   Section        0  libinit2.o(.ARM.Collect$$libinit$$00000011)
    .ARM.Collect$$libinit$$00000013          0x0000013e   Section        0  libinit2.o(.ARM.Collect$$libinit$$00000013)
    .ARM.Collect$$libinit$$00000015          0x0000013e   Section        0  libinit2.o(.ARM.Collect$$libinit$$00000015)
    .ARM.Collect$$libinit$$00000017          0x0000013e   Section        0  libinit2.o(.ARM.Collect$$libinit$$00000017)
    .ARM.Collect$$libinit$$00000019          0x0000013e   Section        0  libinit2.o(.ARM.Collect$$libinit$$00000019)
    .ARM.Collect$$libinit$$0000001B          0x0000013e   Section        0  libinit2.o(.ARM.Collect$$libinit$$0000001B)
    .ARM.Collect$$libinit$$0000001D          0x0000013e   Section        0  libinit2.o(.ARM.Collect$$libinit$$0000001D)
    .ARM.Collect$$libinit$$0000001F          0x0000013e   Section        0  libinit2.o(.ARM.Collect$$libinit$$0000001F)
    .ARM.Collect$$libinit$$00000021          0x0000013e   Section        0  libinit2.o(.ARM.Collect$$libinit$$00000021)
    .ARM.Collect$$libinit$$00000023          0x0000013e   Section        0  libinit2.o(.ARM.Collect$$libinit$$00000023)
    .ARM.Collect$$libinit$$00000025          0x0000013e   Section        0  libinit2.o(.ARM.Collect$$libinit$$00000025)
    .ARM.Collect$$libinit$$0000002C          0x0000013e   Section        0  libinit2.o(.ARM.Collect$$libinit$$0000002C)
    .ARM.Collect$$libinit$$0000002E          0x0000013e   Section        0  libinit2.o(.ARM.Collect$$libinit$$0000002E)
    .ARM.Collect$$libinit$$00000030          0x0000013e   Section        0  libinit2.o(.ARM.Collect$$libinit$$00000030)
    .ARM.Collect$$libinit$$00000032          0x0000013e   Section        0  libinit2.o(.ARM.Collect$$libinit$$00000032)
    .ARM.Collect$$libinit$$00000033          0x0000013e   Section        2  libinit2.o(.ARM.Collect$$libinit$$00000033)
    .ARM.Collect$$libshutdown$$00000000      0x00000140   Section        2  libshutdown.o(.ARM.Collect$$libshutdown$$00000000)
    .ARM.Collect$$libshutdown$$00000002      0x00000142   Section        0  libshutdown2.o(.ARM.Collect$$libshutdown$$00000002)
    .ARM.Collect$$libshutdown$$00000004      0x00000142   Section        0  libshutdown2.o(.ARM.Collect$$libshutdown$$00000004)
    .ARM.Collect$$libshutdown$$00000006      0x00000142   Section        0  libshutdown2.o(.ARM.Collect$$libshutdown$$00000006)
    .ARM.Collect$$libshutdown$$00000009      0x00000142   Section        0  libshutdown2.o(.ARM.Collect$$libshutdown$$00000009)
    .ARM.Collect$$libshutdown$$0000000C      0x00000142   Section        0  libshutdown2.o(.ARM.Collect$$libshutdown$$0000000C)
    .ARM.Collect$$libshutdown$$0000000E      0x00000142   Section        0  libshutdown2.o(.ARM.Collect$$libshutdown$$0000000E)
    .ARM.Collect$$libshutdown$$00000011      0x00000142   Section        0  libshutdown2.o(.ARM.Collect$$libshutdown$$00000011)
    .ARM.Collect$$libshutdown$$00000012      0x00000142   Section        2  libshutdown2.o(.ARM.Collect$$libshutdown$$00000012)
    .ARM.Collect$$rtentry$$00000000          0x00000144   Section        0  __rtentry.o(.ARM.Collect$$rtentry$$00000000)
    .ARM.Collect$$rtentry$$00000002          0x00000144   Section        0  __rtentry2.o(.ARM.Collect$$rtentry$$00000002)
    .ARM.Collect$$rtentry$$00000004          0x00000144   Section        6  __rtentry4.o(.ARM.Collect$$rtentry$$00000004)
    .ARM.Collect$$rtentry$$00000009          0x0000014a   Section        0  __rtentry2.o(.ARM.Collect$$rtentry$$00000009)
    .ARM.Collect$$rtentry$$0000000A          0x0000014a   Section        4  __rtentry2.o(.ARM.Collect$$rtentry$$0000000A)
    .ARM.Collect$$rtentry$$0000000C          0x0000014e   Section        0  __rtentry2.o(.ARM.Collect$$rtentry$$0000000C)
    .ARM.Collect$$rtentry$$0000000D          0x0000014e   Section        8  __rtentry2.o(.ARM.Collect$$rtentry$$0000000D)
    .ARM.Collect$$rtexit$$00000000           0x00000156   Section        2  rtexit.o(.ARM.Collect$$rtexit$$00000000)
    .ARM.Collect$$rtexit$$00000002           0x00000158   Section        0  rtexit2.o(.ARM.Collect$$rtexit$$00000002)
    .ARM.Collect$$rtexit$$00000003           0x00000158   Section        4  rtexit2.o(.ARM.Collect$$rtexit$$00000003)
    .ARM.Collect$$rtexit$$00000004           0x0000015c   Section        6  rtexit2.o(.ARM.Collect$$rtexit$$00000004)
    .text                                    0x00000164   Section       68  startup_snr8503x.o(.text)
    .text                                    0x000001a8   Section        0  rt_memclr.o(.text)
    .text                                    0x000001e8   Section      346  aeabi_sdiv.o(.text)
    .text                                    0x00000342   Section        0  heapauxi.o(.text)
    .text                                    0x00000348   Section        0  fdiv.o(.text)
    .text                                    0x000004a8   Section        0  ffixui.o(.text)
    .text                                    0x000004d8   Section        0  fflti.o(.text)
    .text                                    0x00000536   Section       62  sys_stackheap_outer.o(.text)
    .text                                    0x00000574   Section        0  exit.o(.text)
    .text                                    0x00000584   Section        8  libspace.o(.text)
    .text                                    0x0000058c   Section        0  sys_exit.o(.text)
    .text                                    0x00000598   Section        2  use_no_semi.o(.text)
    .text                                    0x0000059a   Section        0  indicate_semi.o(.text)
    i.ADC_IRQHandler                         0x0000059c   Section        0  interrupt.o(i.ADC_IRQHandler)
    i.ADC_Init                               0x000005d8   Section        0  snr8503x_adc.o(i.ADC_Init)
    i.ADC_StructInit                         0x00000668   Section        0  snr8503x_adc.o(i.ADC_StructInit)
    i.ADC_init                               0x0000068c   Section        0  hardware_init.o(i.ADC_init)
    i.BLDC_Brake                             0x000006e0   Section        0  mc_drive.o(i.BLDC_Brake)
    i.BLDC_Sensor_Judge                      0x00000728   Section        0  sensor_control.o(i.BLDC_Sensor_Judge)
    i.BLDC_Sensor_control                    0x00000780   Section        0  sensor_control.o(i.BLDC_Sensor_control)
    i.BLDC_Stop                              0x0000080c   Section        0  mc_drive.o(i.BLDC_Stop)
    i.BLDC_init                              0x00000834   Section        0  snr_bldc_hall_v1p0.o(i.BLDC_init)
    i.CMP_IRQHandler                         0x00000870   Section        0  interrupt.o(i.CMP_IRQHandler)
    i.CMP_Init                               0x000008d8   Section        0  snr8503x_cmp.o(i.CMP_Init)
    i.CMP_StructInit                         0x000009b8   Section        0  snr8503x_cmp.o(i.CMP_StructInit)
    i.CMP_init                               0x000009f6   Section        0  hardware_init.o(i.CMP_init)
    i.CWCCW_PowerOn                          0x00000a38   Section        0  mc_drive.o(i.CWCCW_PowerOn)
    i.CWCCW_ReadIO                           0x00000a44   Section        0  mc_drive.o(i.CWCCW_ReadIO)
    i.CalcGraudNormalizationData             0x00000aa4   Section        0  speedramp.o(i.CalcGraudNormalizationData)
    i.CalcNormalization                      0x00000ae8   Section        0  speedramp.o(i.CalcNormalization)
    i.CalcPI                                 0x00000b4a   Section        0  pid.o(i.CalcPI)
    i.Clock_Init                             0x00000b84   Section        0  hardware_init.o(i.Clock_Init)
    i.CurrentOffsetCalibration               0x00000bc4   Section        0  system_init.o(i.CurrentOffsetCalibration)
    i.Current_Limit                          0x00000c78   Section        0  protect.o(i.Current_Limit)
    i.DAC_Init                               0x00000cac   Section        0  snr8503x_dac.o(i.DAC_Init)
    i.DAC_OutputValue                        0x00000d30   Section        0  snr8503x_dac.o(i.DAC_OutputValue)
    i.DAC_StructInit                         0x00000d60   Section        0  snr8503x_dac.o(i.DAC_StructInit)
    i.DAC_init                               0x00000d6a   Section        0  hardware_init.o(i.DAC_init)
    i.DC_offset_protect                      0x00000d88   Section        0  system_init.o(i.DC_offset_protect)
    i.DMA_IRQHandler                         0x00000dd0   Section        0  interrupt.o(i.DMA_IRQHandler)
    i.DSP_Cmd                                0x00000ddc   Section        0  snr8503x_dsp.o(i.DSP_Cmd)
    i.Digital_Value_Getting                  0x00000dec   Section        0  interrupt.o(i.Digital_Value_Getting)
    i.GPIO_IRQHandler                        0x00000e54   Section        0  interrupt.o(i.GPIO_IRQHandler)
    i.GPIO_Init                              0x00000e68   Section        0  snr8503x_gpio.o(i.GPIO_Init)
    i.GPIO_PinAFConfig                       0x00000edc   Section        0  snr8503x_gpio.o(i.GPIO_PinAFConfig)
    i.GPIO_ReadInputDataBit                  0x00000fb0   Section        0  snr8503x_gpio.o(i.GPIO_ReadInputDataBit)
    i.GPIO_StructInit                        0x00000fbe   Section        0  snr8503x_gpio.o(i.GPIO_StructInit)
    i.GPIO_WriteBit                          0x00000fca   Section        0  snr8503x_gpio.o(i.GPIO_WriteBit)
    i.GPIO_init                              0x00000fd8   Section        0  hardware_init.o(i.GPIO_init)
    i.HALL_ClearIRQFlag                      0x000010ac   Section        0  snr8503x_hall.o(i.HALL_ClearIRQFlag)
    i.HALL_GetFilterValue                    0x000010b8   Section        0  snr8503x_hall.o(i.HALL_GetFilterValue)
    i.HALL_GetIRQFlag                        0x000010c8   Section        0  snr8503x_hall.o(i.HALL_GetIRQFlag)
    i.HALL_IRQHandler                        0x000010d4   Section        0  interrupt.o(i.HALL_IRQHandler)
    i.HALL_Init                              0x00001268   Section        0  snr8503x_hall.o(i.HALL_Init)
    i.HALL_Perip_Init                        0x000012b8   Section        0  hardware_init.o(i.HALL_Perip_Init)
    i.HALL_StructInit                        0x000012ec   Section        0  snr8503x_hall.o(i.HALL_StructInit)
    i.HALL_Update                            0x00001310   Section        0  snr_bldc_hall_v1p0.o(i.HALL_Update)
    i.HALL_WIDCount                          0x00001330   Section        0  snr8503x_hall.o(i.HALL_WIDCount)
    i.Hardware_init                          0x0000133c   Section        0  hardware_init.o(i.Hardware_init)
    i.I2C_IRQHandler                         0x00001414   Section        0  interrupt.o(i.I2C_IRQHandler)
    i.ICP_Loader                             0x00001418   Section        0  snr_bldc_hall_v1p0.o(i.ICP_Loader)
    i.IWDG_DISABLE                           0x00001574   Section        0  snr8503x_iwdg.o(i.IWDG_DISABLE)
    i.InitNormalization                      0x00001584   Section        0  speedramp.o(i.InitNormalization)
    i.InitPI                                 0x000015b4   Section        0  pid.o(i.InitPI)
    i.Init_Parameter                         0x000015f8   Section        0  global_variable.o(i.Init_Parameter)
    i.M1M1_Fault                             0x000016c4   Section        0  m1_statemachine.o(i.M1M1_Fault)
    i.M1M1_Init                              0x000016fc   Section        0  m1_statemachine.o(i.M1M1_Init)
    M1M1_Init                                0x000016fd   Thumb Code    14  m1_statemachine.o(i.M1M1_Init)
    i.M1M1_Run                               0x00001710   Section        0  m1_statemachine.o(i.M1M1_Run)
    M1M1_Run                                 0x00001711   Thumb Code    12  m1_statemachine.o(i.M1M1_Run)
    i.M1M1_RunAlign                          0x00001724   Section        0  m1_statemachine.o(i.M1M1_RunAlign)
    M1M1_RunAlign                            0x00001725   Thumb Code     8  m1_statemachine.o(i.M1M1_RunAlign)
    i.M1M1_RunBrake                          0x00001730   Section        0  m1_statemachine.o(i.M1M1_RunBrake)
    M1M1_RunBrake                            0x00001731   Thumb Code    44  m1_statemachine.o(i.M1M1_RunBrake)
    i.M1M1_RunCalib                          0x00001764   Section        0  m1_statemachine.o(i.M1M1_RunCalib)
    M1M1_RunCalib                            0x00001765   Thumb Code     8  m1_statemachine.o(i.M1M1_RunCalib)
    i.M1M1_RunFreerun_Det                    0x00001770   Section        0  m1_statemachine.o(i.M1M1_RunFreerun_Det)
    M1M1_RunFreerun_Det                      0x00001771   Thumb Code    36  m1_statemachine.o(i.M1M1_RunFreerun_Det)
    i.M1M1_RunReady                          0x0000179c   Section        0  m1_statemachine.o(i.M1M1_RunReady)
    M1M1_RunReady                            0x0000179d   Thumb Code     8  m1_statemachine.o(i.M1M1_RunReady)
    i.M1M1_RunSpin                           0x000017a8   Section        0  m1_statemachine.o(i.M1M1_RunSpin)
    M1M1_RunSpin                             0x000017a9   Thumb Code    28  m1_statemachine.o(i.M1M1_RunSpin)
    i.M1M1_RunStartup                        0x000017c8   Section        0  m1_statemachine.o(i.M1M1_RunStartup)
    M1M1_RunStartup                          0x000017c9   Thumb Code   100  m1_statemachine.o(i.M1M1_RunStartup)
    i.M1M1_Stop                              0x0000183c   Section        0  m1_statemachine.o(i.M1M1_Stop)
    M1M1_Stop                                0x0000183d   Thumb Code    26  m1_statemachine.o(i.M1M1_Stop)
    i.M1M1_SwitchRunStop                     0x00001860   Section        0  m1_statemachine.o(i.M1M1_SwitchRunStop)
    M1M1_SwitchRunStop                       0x00001861   Thumb Code    18  m1_statemachine.o(i.M1M1_SwitchRunStop)
    i.MCPWM0_IRQHandler                      0x00001878   Section        0  interrupt.o(i.MCPWM0_IRQHandler)
    i.MCPWM1_IRQHandler                      0x000018b8   Section        0  interrupt.o(i.MCPWM1_IRQHandler)
    i.MCPWM_Init                             0x000018bc   Section        0  snr8503x_mcpwm.o(i.MCPWM_Init)
    i.MCPWM_StructInit                       0x00001b38   Section        0  snr8503x_mcpwm.o(i.MCPWM_StructInit)
    i.MCPWM_init                             0x00001b44   Section        0  hardware_init.o(i.MCPWM_init)
    i.MOS_Check_Step                         0x00001bf4   Section        0  mostest.o(i.MOS_Check_Step)
    i.MOS_TEMP_protect                       0x00001cac   Section        0  protect.o(i.MOS_TEMP_protect)
    i.MosTest                                0x00001d48   Section        0  mostest.o(i.MosTest)
    i.Motor_Block_Protect                    0x00001e48   Section        0  protect.o(i.Motor_Block_Protect)
    i.Motor_LED_DISP                         0x00001e88   Section        0  mc_drive.o(i.Motor_LED_DISP)
    i.Motor_LED_Error                        0x00001ee8   Section        0  mc_drive.o(i.Motor_LED_Error)
    i.Multiplex_nRST                         0x00001fc8   Section        0  system_init.o(i.Multiplex_nRST)
    i.NVIC_EnableIRQ                         0x00001fe4   Section        0  hardware_init.o(i.NVIC_EnableIRQ)
    NVIC_EnableIRQ                           0x00001fe5   Thumb Code    20  hardware_init.o(i.NVIC_EnableIRQ)
    i.NVIC_SetPriority                       0x00001ffc   Section        0  hardware_init.o(i.NVIC_SetPriority)
    NVIC_SetPriority                         0x00001ffd   Thumb Code    60  hardware_init.o(i.NVIC_SetPriority)
    i.OVER_current_protect                   0x00002040   Section        0  protect.o(i.OVER_current_protect)
    i.PGA_init                               0x000020ec   Section        0  hardware_init.o(i.PGA_init)
    i.PWMOutputs                             0x00002110   Section        0  snr8503x_mcpwm.o(i.PWMOutputs)
    i.Phase_COMPENSATION_Cal                 0x0000213c   Section        0  mc_drive.o(i.Phase_COMPENSATION_Cal)
    i.PiCurrentLimitPWMDuty                  0x00002174   Section        0  mc_drive.o(i.PiCurrentLimitPWMDuty)
    i.Read_Trim                              0x000021d8   Section        0  lks32mc03x_nvr.o(i.Read_Trim)
    i.SPI_IRQHandler                         0x00002238   Section        0  interrupt.o(i.SPI_IRQHandler)
    i.SW_IRQHandler                          0x0000223a   Section        0  interrupt.o(i.SW_IRQHandler)
    i.SYS_AnalogModuleClockCmd               0x0000223c   Section        0  snr8503x_sys.o(i.SYS_AnalogModuleClockCmd)
    i.SYS_ModuleClockCmd                     0x00002280   Section        0  snr8503x_sys.o(i.SYS_ModuleClockCmd)
    i.SYS_SoftResetModule                    0x000022a4   Section        0  snr8503x_sys.o(i.SYS_SoftResetModule)
    i.SoftDelay                              0x000022bc   Section        0  hardware_init.o(i.SoftDelay)
    i.SysTick_Handler                        0x000022ce   Section        0  interrupt.o(i.SysTick_Handler)
    i.SystemInit                             0x000022d0   Section        0  hardware_init.o(i.SystemInit)
    i.TIMER0_IRQHandler                      0x000022d8   Section        0  interrupt.o(i.TIMER0_IRQHandler)
    i.TIMER1_IRQHandler                      0x00002310   Section        0  interrupt.o(i.TIMER1_IRQHandler)
    i.TIM_TimerInit                          0x00002324   Section        0  snr8503x_timer.o(i.TIM_TimerInit)
    i.TIM_TimerStrutInit                     0x000023d0   Section        0  snr8503x_timer.o(i.TIM_TimerStrutInit)
    i.Task_Scheduler                         0x00002404   Section        0  main.o(i.Task_Scheduler)
    i.UART0_init                             0x00002478   Section        0  ur_ctrl.o(i.UART0_init)
    i.UART0_init_buffer                      0x000024e8   Section        0  ur_ctrl.o(i.UART0_init_buffer)
    i.UART_IRQHandler                        0x000024f8   Section        0  interrupt.o(i.UART_IRQHandler)
    i.UART_Init                              0x0000253c   Section        0  snr8503x_uart.o(i.UART_Init)
    i.UART_StructInit                        0x000025d0   Section        0  snr8503x_uart.o(i.UART_StructInit)
    i.UTimer_init                            0x000025f0   Section        0  hardware_init.o(i.UTimer_init)
    i.UartDealRX                             0x00002658   Section        0  ur_ctrl.o(i.UartDealRX)
    i.UartDealTX                             0x00002708   Section        0  ur_ctrl.o(i.UartDealTX)
    i.VSP_Control_Motor                      0x0000271c   Section        0  mc_drive.o(i.VSP_Control_Motor)
    i.Vol_protect                            0x00002828   Section        0  protect.o(i.Vol_protect)
    i.WAKE_IRQHandler                        0x00002964   Section        0  interrupt.o(i.WAKE_IRQHandler)
    i.__ARM_common_switch8                   0x00002966   Section        0  mostest.o(i.__ARM_common_switch8)
    i.delay_init                             0x00002980   Section        0  delay.o(i.delay_init)
    i.delay_ms                               0x000029a4   Section        0  delay.o(i.delay_ms)
    i.delay_us                               0x000029d0   Section        0  delay.o(i.delay_us)
    i.delay_xms                              0x000029fc   Section        0  delay.o(i.delay_xms)
    i.main                                   0x00002a28   Section        0  main.o(i.main)
    i.procHander                             0x00002ad4   Section        0  protect.o(i.procHander)
    i.sys_init                               0x00002af4   Section        0  system_init.o(i.sys_init)
    i.variable_reset                         0x00002b14   Section        0  global_variable.o(i.variable_reset)
    x$fpl$fmul                               0x00002bc0   Section      176  fmul.o(x$fpl$fmul)
    .constdata                               0x00002c70   Section       10  global_variable.o(.constdata)
    x$fpl$usenofp                            0x00002c70   Section        0  usenofp.o(x$fpl$usenofp)
    .constdata                               0x00002c7c   Section       16  m1_statemachine.o(.constdata)
    .constdata                               0x00002c8c   Section       28  m1_statemachine.o(.constdata)
    s_M1_STATE_RUN_TABLE                     0x00002c8c   Data          28  m1_statemachine.o(.constdata)
    .constdata                               0x00002ca8   Section       64  fdiv.o(.constdata)
    fdiv_tab                                 0x00002ca8   Data          64  fdiv.o(.constdata)
    .data                                    0x20000000   Section        6  global_variable.o(.data)
    .data                                    0x20000008   Section        8  global_variable.o(.data)
    temp                                     0x20000008   Data           4  global_variable.o(.data)
    temp                                     0x2000000c   Data           4  global_variable.o(.data)
    .data                                    0x20000010   Section        1  global_variable.o(.data)
    .data                                    0x20000012   Section       20  protect.o(.data)
    adjFilter1                               0x20000012   Data           2  protect.o(.data)
    LowVolatageCnt_fast                      0x20000014   Data           2  protect.o(.data)
    LowVolatageCnt_slow                      0x20000016   Data           2  protect.o(.data)
    Dis_UV_ProtectCnt                        0x20000018   Data           2  protect.o(.data)
    OvrVolatageCnt_fast                      0x2000001a   Data           2  protect.o(.data)
    Dis_OV_ProtectCnt_slow                   0x2000001c   Data           2  protect.o(.data)
    .data                                    0x20000026   Section        3  interrupt.o(.data)
    i                                        0x20000026   Data           1  interrupt.o(.data)
    j                                        0x20000027   Data           1  interrupt.o(.data)
    hall_index                               0x20000028   Data           1  interrupt.o(.data)
    .data                                    0x20000029   Section        2  m1_statemachine.o(.data)
    .data                                    0x2000002c   Section        2  speedramp.o(.data)
    DataReturn                               0x2000002c   Data           2  speedramp.o(.data)
    .data                                    0x20000030   Section       28  mc_drive.o(.data)
    DataAccelerate                           0x20000031   Data           1  mc_drive.o(.data)
    Err100ms_CNT                             0x20000032   Data           1  mc_drive.o(.data)
    MotorErrTiems                            0x20000033   Data           1  mc_drive.o(.data)
    MotorErrStep                             0x20000034   Data           1  mc_drive.o(.data)
    MotorErrCNT                              0x20000035   Data           1  mc_drive.o(.data)
    cnt_led                                  0x20000036   Data           1  mc_drive.o(.data)
    CWCCW_IOInputCNT1                        0x20000037   Data           1  mc_drive.o(.data)
    CWCCW_IOInputCNT2                        0x20000038   Data           1  mc_drive.o(.data)
    RefDUTY                                  0x2000003c   Data           4  mc_drive.o(.data)
    DesirdDuty                               0x20000040   Data           4  mc_drive.o(.data)
    ReturnValue                              0x20000044   Data           4  mc_drive.o(.data)
    DutyValueIn                              0x20000048   Data           4  mc_drive.o(.data)
    .data                                    0x2000004c   Section        4  mc_drive.o(.data)
    .data                                    0x20000050   Section        1  mc_drive.o(.data)
    .data                                    0x20000051   Section        2  ur_ctrl.o(.data)
    .data                                    0x20000054   Section        8  delay.o(.data)
    fac_us                                   0x20000054   Data           4  delay.o(.data)
    fac_ms                                   0x20000058   Data           4  delay.o(.data)
    .data                                    0x2000005c   Section        6  snr8503x_dac.o(.data)
    .data                                    0x20000064   Section       28  snr_bldc_hall_v1p0.o(.data)
    .bss                                     0x20000080   Section      216  global_variable.o(.bss)
    .bss                                     0x20000158   Section       32  mostest.o(.bss)
    .bss                                     0x20000178   Section       32  speedramp.o(.bss)
    .bss                                     0x20000198   Section       24  speedramp.o(.bss)
    .bss                                     0x200001b0   Section       32  speedramp.o(.bss)
    .bss                                     0x200001d0   Section       24  speedramp.o(.bss)
    .bss                                     0x200001e8   Section       72  pid.o(.bss)
    .bss                                     0x20000230   Section      271  ur_ctrl.o(.bss)
    .bss                                     0x20000340   Section       96  libspace.o(.bss)
    HEAP                                     0x200003a0   Section      512  startup_snr8503x.o(HEAP)
    Heap_Mem                                 0x200003a0   Data         512  startup_snr8503x.o(HEAP)
    STACK                                    0x200005a0   Section       80  startup_snr8503x.o(STACK)
    Stack_Mem                                0x200005a0   Data          80  startup_snr8503x.o(STACK)
    __initial_sp                             0x200005f0   Data           0  startup_snr8503x.o(STACK)

    Global Symbols

    Symbol Name                              Value     Ov Type        Size  Object(Section)

    BuildAttributes$$THM_ISAv3M$S$PE$A:L22$X:L11$S22$IEEE1$IW$USESV6$~STKCKD$USESV7$~SHL$OSPACE$ROPI$EBA8$UX$STANDARDLIB$REQ8$PRES8$EABIv2 0x00000000   Number         0  anon$$obj.o ABSOLUTE
    __ARM_use_no_argv                        0x00000000   Number         0  main.o ABSOLUTE
    __Vectors                                0x00000000   Data           4  startup_snr8503x.o(RESET)
    __ARM_exceptions_init                     - Undefined Weak Reference
    __alloca_initialize                       - Undefined Weak Reference
    __arm_fini_                               - Undefined Weak Reference
    __arm_preinit_                            - Undefined Weak Reference
    __cpp_initialize__aeabi_                  - Undefined Weak Reference
    __cxa_finalize                            - Undefined Weak Reference
    __rt_locale                               - Undefined Weak Reference
    __sigvec_lookup                           - Undefined Weak Reference
    _atexit_init                              - Undefined Weak Reference
    _call_atexit_fns                          - Undefined Weak Reference
    _clock_init                               - Undefined Weak Reference
    _fp_trap_init                             - Undefined Weak Reference
    _fp_trap_shutdown                         - Undefined Weak Reference
    _get_lc_collate                           - Undefined Weak Reference
    _get_lc_ctype                             - Undefined Weak Reference
    _get_lc_monetary                          - Undefined Weak Reference
    _get_lc_numeric                           - Undefined Weak Reference
    _get_lc_time                              - Undefined Weak Reference
    _getenv_init                              - Undefined Weak Reference
    _handle_redirection                       - Undefined Weak Reference
    _init_alloc                               - Undefined Weak Reference
    _init_user_alloc                          - Undefined Weak Reference
    _initio                                   - Undefined Weak Reference
    _rand_init                                - Undefined Weak Reference
    _signal_finish                            - Undefined Weak Reference
    _signal_init                              - Undefined Weak Reference
    _terminate_alloc                          - Undefined Weak Reference
    _terminate_user_alloc                     - Undefined Weak Reference
    _terminateio                              - Undefined Weak Reference
    __Vectors_End                            0x000000c0   Data           0  startup_snr8503x.o(RESET)
    __Vectors_Size                           0x000000c0   Number         0  startup_snr8503x.o ABSOLUTE
    __main                                   0x000000c1   Thumb Code     8  __main.o(!!!main)
    __scatterload                            0x000000c9   Thumb Code     0  __scatter.o(!!!scatter)
    __scatterload_rt2                        0x000000c9   Thumb Code    52  __scatter.o(!!!scatter)
    __scatterload_rt2_thumb_only             0x000000c9   Thumb Code     0  __scatter.o(!!!scatter)
    __scatterload_null                       0x000000d9   Thumb Code     0  __scatter.o(!!!scatter)
    __scatterload_copy                       0x00000105   Thumb Code    26  __scatter_copy.o(!!handler_copy)
    __scatterload_zeroinit                   0x00000121   Thumb Code    28  __scatter_zi.o(!!handler_zi)
    __rt_lib_init                            0x0000013d   Thumb Code     0  libinit.o(.ARM.Collect$$libinit$$00000000)
    __rt_lib_init_alloca_1                   0x0000013f   Thumb Code     0  libinit2.o(.ARM.Collect$$libinit$$0000002E)
    __rt_lib_init_argv_1                     0x0000013f   Thumb Code     0  libinit2.o(.ARM.Collect$$libinit$$0000002C)
    __rt_lib_init_atexit_1                   0x0000013f   Thumb Code     0  libinit2.o(.ARM.Collect$$libinit$$0000001B)
    __rt_lib_init_clock_1                    0x0000013f   Thumb Code     0  libinit2.o(.ARM.Collect$$libinit$$00000021)
    __rt_lib_init_cpp_1                      0x0000013f   Thumb Code     0  libinit2.o(.ARM.Collect$$libinit$$00000032)
    __rt_lib_init_exceptions_1               0x0000013f   Thumb Code     0  libinit2.o(.ARM.Collect$$libinit$$00000030)
    __rt_lib_init_fp_1                       0x0000013f   Thumb Code     0  libinit2.o(.ARM.Collect$$libinit$$00000002)
    __rt_lib_init_fp_trap_1                  0x0000013f   Thumb Code     0  libinit2.o(.ARM.Collect$$libinit$$0000001F)
    __rt_lib_init_getenv_1                   0x0000013f   Thumb Code     0  libinit2.o(.ARM.Collect$$libinit$$00000023)
    __rt_lib_init_heap_1                     0x0000013f   Thumb Code     0  libinit2.o(.ARM.Collect$$libinit$$0000000A)
    __rt_lib_init_lc_collate_1               0x0000013f   Thumb Code     0  libinit2.o(.ARM.Collect$$libinit$$00000011)
    __rt_lib_init_lc_ctype_1                 0x0000013f   Thumb Code     0  libinit2.o(.ARM.Collect$$libinit$$00000013)
    __rt_lib_init_lc_monetary_1              0x0000013f   Thumb Code     0  libinit2.o(.ARM.Collect$$libinit$$00000015)
    __rt_lib_init_lc_numeric_1               0x0000013f   Thumb Code     0  libinit2.o(.ARM.Collect$$libinit$$00000017)
    __rt_lib_init_lc_time_1                  0x0000013f   Thumb Code     0  libinit2.o(.ARM.Collect$$libinit$$00000019)
    __rt_lib_init_preinit_1                  0x0000013f   Thumb Code     0  libinit2.o(.ARM.Collect$$libinit$$00000004)
    __rt_lib_init_rand_1                     0x0000013f   Thumb Code     0  libinit2.o(.ARM.Collect$$libinit$$0000000E)
    __rt_lib_init_return                     0x0000013f   Thumb Code     0  libinit2.o(.ARM.Collect$$libinit$$00000033)
    __rt_lib_init_signal_1                   0x0000013f   Thumb Code     0  libinit2.o(.ARM.Collect$$libinit$$0000001D)
    __rt_lib_init_stdio_1                    0x0000013f   Thumb Code     0  libinit2.o(.ARM.Collect$$libinit$$00000025)
    __rt_lib_init_user_alloc_1               0x0000013f   Thumb Code     0  libinit2.o(.ARM.Collect$$libinit$$0000000C)
    __rt_lib_shutdown                        0x00000141   Thumb Code     0  libshutdown.o(.ARM.Collect$$libshutdown$$00000000)
    __rt_lib_shutdown_cpp_1                  0x00000143   Thumb Code     0  libshutdown2.o(.ARM.Collect$$libshutdown$$00000004)
    __rt_lib_shutdown_fini_1                 0x00000143   Thumb Code     0  libshutdown2.o(.ARM.Collect$$libshutdown$$00000002)
    __rt_lib_shutdown_fp_trap_1              0x00000143   Thumb Code     0  libshutdown2.o(.ARM.Collect$$libshutdown$$00000009)
    __rt_lib_shutdown_heap_1                 0x00000143   Thumb Code     0  libshutdown2.o(.ARM.Collect$$libshutdown$$00000011)
    __rt_lib_shutdown_return                 0x00000143   Thumb Code     0  libshutdown2.o(.ARM.Collect$$libshutdown$$00000012)
    __rt_lib_shutdown_signal_1               0x00000143   Thumb Code     0  libshutdown2.o(.ARM.Collect$$libshutdown$$0000000C)
    __rt_lib_shutdown_stdio_1                0x00000143   Thumb Code     0  libshutdown2.o(.ARM.Collect$$libshutdown$$00000006)
    __rt_lib_shutdown_user_alloc_1           0x00000143   Thumb Code     0  libshutdown2.o(.ARM.Collect$$libshutdown$$0000000E)
    __rt_entry                               0x00000145   Thumb Code     0  __rtentry.o(.ARM.Collect$$rtentry$$00000000)
    __rt_entry_presh_1                       0x00000145   Thumb Code     0  __rtentry2.o(.ARM.Collect$$rtentry$$00000002)
    __rt_entry_sh                            0x00000145   Thumb Code     0  __rtentry4.o(.ARM.Collect$$rtentry$$00000004)
    __rt_entry_li                            0x0000014b   Thumb Code     0  __rtentry2.o(.ARM.Collect$$rtentry$$0000000A)
    __rt_entry_postsh_1                      0x0000014b   Thumb Code     0  __rtentry2.o(.ARM.Collect$$rtentry$$00000009)
    __rt_entry_main                          0x0000014f   Thumb Code     0  __rtentry2.o(.ARM.Collect$$rtentry$$0000000D)
    __rt_entry_postli_1                      0x0000014f   Thumb Code     0  __rtentry2.o(.ARM.Collect$$rtentry$$0000000C)
    __rt_exit                                0x00000157   Thumb Code     0  rtexit.o(.ARM.Collect$$rtexit$$00000000)
    __rt_exit_ls                             0x00000159   Thumb Code     0  rtexit2.o(.ARM.Collect$$rtexit$$00000003)
    __rt_exit_prels_1                        0x00000159   Thumb Code     0  rtexit2.o(.ARM.Collect$$rtexit$$00000002)
    __rt_exit_exit                           0x0000015d   Thumb Code     0  rtexit2.o(.ARM.Collect$$rtexit$$00000004)
    Reset_Handler                            0x00000165   Thumb Code    14  startup_snr8503x.o(.text)
    NMI_Handler                              0x00000173   Thumb Code     2  startup_snr8503x.o(.text)
    HardFault_Handler                        0x00000175   Thumb Code     2  startup_snr8503x.o(.text)
    SVC_Handler                              0x00000177   Thumb Code     2  startup_snr8503x.o(.text)
    PendSV_Handler                           0x00000179   Thumb Code     2  startup_snr8503x.o(.text)
    __user_initial_stackheap                 0x00000181   Thumb Code     0  startup_snr8503x.o(.text)
    _memset_w                                0x000001a9   Thumb Code    26  rt_memclr.o(.text)
    _memset                                  0x000001c3   Thumb Code    30  rt_memclr.o(.text)
    __aeabi_memclr                           0x000001e1   Thumb Code     4  rt_memclr.o(.text)
    __rt_memclr                              0x000001e1   Thumb Code     0  rt_memclr.o(.text)
    __aeabi_memclr4                          0x000001e5   Thumb Code     0  rt_memclr.o(.text)
    __aeabi_memclr8                          0x000001e5   Thumb Code     0  rt_memclr.o(.text)
    __rt_memclr_w                            0x000001e5   Thumb Code     4  rt_memclr.o(.text)
    __aeabi_uidiv                            0x000001e9   Thumb Code     0  aeabi_sdiv.o(.text)
    __aeabi_uidivmod                         0x000001e9   Thumb Code    20  aeabi_sdiv.o(.text)
    __aeabi_idiv                             0x000001fd   Thumb Code     0  aeabi_sdiv.o(.text)
    __aeabi_idivmod                          0x000001fd   Thumb Code   326  aeabi_sdiv.o(.text)
    __use_two_region_memory                  0x00000343   Thumb Code     2  heapauxi.o(.text)
    __rt_heap_escrow$2region                 0x00000345   Thumb Code     2  heapauxi.o(.text)
    __rt_heap_expand$2region                 0x00000347   Thumb Code     2  heapauxi.o(.text)
    __aeabi_fdiv                             0x00000349   Thumb Code     0  fdiv.o(.text)
    _fdiv                                    0x00000349   Thumb Code   334  fdiv.o(.text)
    _frdiv                                   0x00000497   Thumb Code     8  fdiv.o(.text)
    __aeabi_f2uiz                            0x000004a9   Thumb Code     0  ffixui.o(.text)
    _ffixu                                   0x000004a9   Thumb Code    48  ffixui.o(.text)
    __aeabi_i2f_normalise                    0x000004d9   Thumb Code    72  fflti.o(.text)
    __aeabi_i2f                              0x00000521   Thumb Code    16  fflti.o(.text)
    _fflt                                    0x00000521   Thumb Code     0  fflti.o(.text)
    __aeabi_ui2f                             0x00000531   Thumb Code     6  fflti.o(.text)
    _ffltu                                   0x00000531   Thumb Code     0  fflti.o(.text)
    __user_setup_stackheap                   0x00000537   Thumb Code    62  sys_stackheap_outer.o(.text)
    exit                                     0x00000575   Thumb Code    16  exit.o(.text)
    __user_libspace                          0x00000585   Thumb Code     8  libspace.o(.text)
    __user_perproc_libspace                  0x00000585   Thumb Code     0  libspace.o(.text)
    __user_perthread_libspace                0x00000585   Thumb Code     0  libspace.o(.text)
    _sys_exit                                0x0000058d   Thumb Code     8  sys_exit.o(.text)
    __I$use$semihosting                      0x00000599   Thumb Code     0  use_no_semi.o(.text)
    __use_no_semihosting_swi                 0x00000599   Thumb Code     2  use_no_semi.o(.text)
    __semihosting_library_function           0x0000059b   Thumb Code     0  indicate_semi.o(.text)
    ADC_IRQHandler                           0x0000059d   Thumb Code    46  interrupt.o(i.ADC_IRQHandler)
    ADC_Init                                 0x000005d9   Thumb Code   132  snr8503x_adc.o(i.ADC_Init)
    ADC_StructInit                           0x00000669   Thumb Code    34  snr8503x_adc.o(i.ADC_StructInit)
    ADC_init                                 0x0000068d   Thumb Code    74  hardware_init.o(i.ADC_init)
    BLDC_Brake                               0x000006e1   Thumb Code    50  mc_drive.o(i.BLDC_Brake)
    BLDC_Sensor_Judge                        0x00000729   Thumb Code    78  sensor_control.o(i.BLDC_Sensor_Judge)
    BLDC_Sensor_control                      0x00000781   Thumb Code   108  sensor_control.o(i.BLDC_Sensor_control)
    BLDC_Stop                                0x0000080d   Thumb Code    30  mc_drive.o(i.BLDC_Stop)
    BLDC_init                                0x00000835   Thumb Code    54  snr_bldc_hall_v1p0.o(i.BLDC_init)
    CMP_IRQHandler                           0x00000871   Thumb Code    82  interrupt.o(i.CMP_IRQHandler)
    CMP_Init                                 0x000008d9   Thumb Code   206  snr8503x_cmp.o(i.CMP_Init)
    CMP_StructInit                           0x000009b9   Thumb Code    62  snr8503x_cmp.o(i.CMP_StructInit)
    CMP_init                                 0x000009f7   Thumb Code    66  hardware_init.o(i.CMP_init)
    CWCCW_PowerOn                            0x00000a39   Thumb Code     8  mc_drive.o(i.CWCCW_PowerOn)
    CWCCW_ReadIO                             0x00000a45   Thumb Code    82  mc_drive.o(i.CWCCW_ReadIO)
    CalcGraudNormalizationData               0x00000aa5   Thumb Code    62  speedramp.o(i.CalcGraudNormalizationData)
    CalcNormalization                        0x00000ae9   Thumb Code    98  speedramp.o(i.CalcNormalization)
    CalcPI                                   0x00000b4b   Thumb Code    56  pid.o(i.CalcPI)
    Clock_Init                               0x00000b85   Thumb Code    46  hardware_init.o(i.Clock_Init)
    CurrentOffsetCalibration                 0x00000bc5   Thumb Code   160  system_init.o(i.CurrentOffsetCalibration)
    Current_Limit                            0x00000c79   Thumb Code    46  protect.o(i.Current_Limit)
    DAC_Init                                 0x00000cad   Thumb Code   114  snr8503x_dac.o(i.DAC_Init)
    DAC_OutputValue                          0x00000d31   Thumb Code    44  snr8503x_dac.o(i.DAC_OutputValue)
    DAC_StructInit                           0x00000d61   Thumb Code    10  snr8503x_dac.o(i.DAC_StructInit)
    DAC_init                                 0x00000d6b   Thumb Code    28  hardware_init.o(i.DAC_init)
    DC_offset_protect                        0x00000d89   Thumb Code    52  system_init.o(i.DC_offset_protect)
    DMA_IRQHandler                           0x00000dd1   Thumb Code     8  interrupt.o(i.DMA_IRQHandler)
    DSP_Cmd                                  0x00000ddd   Thumb Code    14  snr8503x_dsp.o(i.DSP_Cmd)
    Digital_Value_Getting                    0x00000ded   Thumb Code    94  interrupt.o(i.Digital_Value_Getting)
    GPIO_IRQHandler                          0x00000e55   Thumb Code    14  interrupt.o(i.GPIO_IRQHandler)
    GPIO_Init                                0x00000e69   Thumb Code   116  snr8503x_gpio.o(i.GPIO_Init)
    GPIO_PinAFConfig                         0x00000edd   Thumb Code   202  snr8503x_gpio.o(i.GPIO_PinAFConfig)
    GPIO_ReadInputDataBit                    0x00000fb1   Thumb Code    14  snr8503x_gpio.o(i.GPIO_ReadInputDataBit)
    GPIO_StructInit                          0x00000fbf   Thumb Code    12  snr8503x_gpio.o(i.GPIO_StructInit)
    GPIO_WriteBit                            0x00000fcb   Thumb Code    12  snr8503x_gpio.o(i.GPIO_WriteBit)
    GPIO_init                                0x00000fd9   Thumb Code   206  hardware_init.o(i.GPIO_init)
    HALL_ClearIRQFlag                        0x000010ad   Thumb Code     6  snr8503x_hall.o(i.HALL_ClearIRQFlag)
    HALL_GetFilterValue                      0x000010b9   Thumb Code    10  snr8503x_hall.o(i.HALL_GetFilterValue)
    HALL_GetIRQFlag                          0x000010c9   Thumb Code     8  snr8503x_hall.o(i.HALL_GetIRQFlag)
    HALL_IRQHandler                          0x000010d5   Thumb Code   376  interrupt.o(i.HALL_IRQHandler)
    HALL_Init                                0x00001269   Thumb Code    76  snr8503x_hall.o(i.HALL_Init)
    HALL_Perip_Init                          0x000012b9   Thumb Code    48  hardware_init.o(i.HALL_Perip_Init)
    HALL_StructInit                          0x000012ed   Thumb Code    32  snr8503x_hall.o(i.HALL_StructInit)
    HALL_Update                              0x00001311   Thumb Code    28  snr_bldc_hall_v1p0.o(i.HALL_Update)
    HALL_WIDCount                            0x00001331   Thumb Code     6  snr8503x_hall.o(i.HALL_WIDCount)
    Hardware_init                            0x0000133d   Thumb Code   202  hardware_init.o(i.Hardware_init)
    I2C_IRQHandler                           0x00001415   Thumb Code     2  interrupt.o(i.I2C_IRQHandler)
    ICP_Loader                               0x00001419   Thumb Code   332  snr_bldc_hall_v1p0.o(i.ICP_Loader)
    IWDG_DISABLE                             0x00001575   Thumb Code    10  snr8503x_iwdg.o(i.IWDG_DISABLE)
    InitNormalization                        0x00001585   Thumb Code    46  speedramp.o(i.InitNormalization)
    InitPI                                   0x000015b5   Thumb Code    54  pid.o(i.InitPI)
    Init_Parameter                           0x000015f9   Thumb Code   174  global_variable.o(i.Init_Parameter)
    M1M1_Fault                               0x000016c5   Thumb Code    38  m1_statemachine.o(i.M1M1_Fault)
    MCPWM0_IRQHandler                        0x00001879   Thumb Code    44  interrupt.o(i.MCPWM0_IRQHandler)
    MCPWM1_IRQHandler                        0x000018b9   Thumb Code     2  interrupt.o(i.MCPWM1_IRQHandler)
    MCPWM_Init                               0x000018bd   Thumb Code   622  snr8503x_mcpwm.o(i.MCPWM_Init)
    MCPWM_StructInit                         0x00001b39   Thumb Code    10  snr8503x_mcpwm.o(i.MCPWM_StructInit)
    MCPWM_init                               0x00001b45   Thumb Code   154  hardware_init.o(i.MCPWM_init)
    MOS_Check_Step                           0x00001bf5   Thumb Code   142  mostest.o(i.MOS_Check_Step)
    MOS_TEMP_protect                         0x00001cad   Thumb Code   126  protect.o(i.MOS_TEMP_protect)
    MosTest                                  0x00001d49   Thumb Code   222  mostest.o(i.MosTest)
    Motor_Block_Protect                      0x00001e49   Thumb Code    46  protect.o(i.Motor_Block_Protect)
    Motor_LED_DISP                           0x00001e89   Thumb Code    80  mc_drive.o(i.Motor_LED_DISP)
    Motor_LED_Error                          0x00001ee9   Thumb Code   210  mc_drive.o(i.Motor_LED_Error)
    Multiplex_nRST                           0x00001fc9   Thumb Code    20  system_init.o(i.Multiplex_nRST)
    OVER_current_protect                     0x00002041   Thumb Code   144  protect.o(i.OVER_current_protect)
    PGA_init                                 0x000020ed   Thumb Code    28  hardware_init.o(i.PGA_init)
    PWMOutputs                               0x00002111   Thumb Code    30  snr8503x_mcpwm.o(i.PWMOutputs)
    Phase_COMPENSATION_Cal                   0x0000213d   Thumb Code    48  mc_drive.o(i.Phase_COMPENSATION_Cal)
    PiCurrentLimitPWMDuty                    0x00002175   Thumb Code    84  mc_drive.o(i.PiCurrentLimitPWMDuty)
    Read_Trim                                0x000021d9   Thumb Code    90  lks32mc03x_nvr.o(i.Read_Trim)
    SPI_IRQHandler                           0x00002239   Thumb Code     2  interrupt.o(i.SPI_IRQHandler)
    SW_IRQHandler                            0x0000223b   Thumb Code     2  interrupt.o(i.SW_IRQHandler)
    SYS_AnalogModuleClockCmd                 0x0000223d   Thumb Code    58  snr8503x_sys.o(i.SYS_AnalogModuleClockCmd)
    SYS_ModuleClockCmd                       0x00002281   Thumb Code    26  snr8503x_sys.o(i.SYS_ModuleClockCmd)
    SYS_SoftResetModule                      0x000022a5   Thumb Code    16  snr8503x_sys.o(i.SYS_SoftResetModule)
    SoftDelay                                0x000022bd   Thumb Code    18  hardware_init.o(i.SoftDelay)
    SysTick_Handler                          0x000022cf   Thumb Code     2  interrupt.o(i.SysTick_Handler)
    SystemInit                               0x000022d1   Thumb Code     8  hardware_init.o(i.SystemInit)
    TIMER0_IRQHandler                        0x000022d9   Thumb Code    46  interrupt.o(i.TIMER0_IRQHandler)
    TIMER1_IRQHandler                        0x00002311   Thumb Code    14  interrupt.o(i.TIMER1_IRQHandler)
    TIM_TimerInit                            0x00002325   Thumb Code   162  snr8503x_timer.o(i.TIM_TimerInit)
    TIM_TimerStrutInit                       0x000023d1   Thumb Code    52  snr8503x_timer.o(i.TIM_TimerStrutInit)
    Task_Scheduler                           0x00002405   Thumb Code    98  main.o(i.Task_Scheduler)
    UART0_init                               0x00002479   Thumb Code   108  ur_ctrl.o(i.UART0_init)
    UART0_init_buffer                        0x000024e9   Thumb Code    12  ur_ctrl.o(i.UART0_init_buffer)
    UART_IRQHandler                          0x000024f9   Thumb Code    56  interrupt.o(i.UART_IRQHandler)
    UART_Init                                0x0000253d   Thumb Code   134  snr8503x_uart.o(i.UART_Init)
    UART_StructInit                          0x000025d1   Thumb Code    30  snr8503x_uart.o(i.UART_StructInit)
    UTimer_init                              0x000025f1   Thumb Code    88  hardware_init.o(i.UTimer_init)
    UartDealRX                               0x00002659   Thumb Code   158  ur_ctrl.o(i.UartDealRX)
    UartDealTX                               0x00002709   Thumb Code    14  ur_ctrl.o(i.UartDealTX)
    VSP_Control_Motor                        0x0000271d   Thumb Code   240  mc_drive.o(i.VSP_Control_Motor)
    Vol_protect                              0x00002829   Thumb Code   276  protect.o(i.Vol_protect)
    WAKE_IRQHandler                          0x00002965   Thumb Code     2  interrupt.o(i.WAKE_IRQHandler)
    __ARM_common_switch8                     0x00002967   Thumb Code    26  mostest.o(i.__ARM_common_switch8)
    delay_init                               0x00002981   Thumb Code    28  delay.o(i.delay_init)
    delay_ms                                 0x000029a5   Thumb Code    44  delay.o(i.delay_ms)
    delay_us                                 0x000029d1   Thumb Code    34  delay.o(i.delay_us)
    delay_xms                                0x000029fd   Thumb Code    34  delay.o(i.delay_xms)
    main                                     0x00002a29   Thumb Code   138  main.o(i.main)
    procHander                               0x00002ad5   Thumb Code    28  protect.o(i.procHander)
    sys_init                                 0x00002af5   Thumb Code    24  system_init.o(i.sys_init)
    variable_reset                           0x00002b15   Thumb Code   144  global_variable.o(i.variable_reset)
    __aeabi_fmul                             0x00002bc1   Thumb Code     0  fmul.o(x$fpl$fmul)
    _fmul                                    0x00002bc1   Thumb Code   172  fmul.o(x$fpl$fmul)
    __I$use$fp                               0x00002c70   Number         0  usenofp.o(x$fpl$usenofp)
    sVersion                                 0x00002c70   Data          10  global_variable.o(.constdata)
    sM1_STATE                                0x00002c7c   Data          16  m1_statemachine.o(.constdata)
    Region$$Table$$Base                      0x00002ce8   Number         0  anon$$obj.o(Region$$Table)
    Region$$Table$$Limit                     0x00002d08   Number         0  anon$$obj.o(Region$$Table)
    Read_hall_tab                            0x20000000   Data           6  global_variable.o(.data)
    HALL_LIB                                 0x20000010   Data           1  global_variable.o(.data)
    Over_MOStemp_Cnt                         0x2000001e   Data           2  protect.o(.data)
    RSM_Over_MOStemp_Cnt                     0x20000020   Data           2  protect.o(.data)
    over_current_time1                       0x20000022   Data           2  protect.o(.data)
    over_current_time2                       0x20000024   Data           2  protect.o(.data)
    e1M1_MainState                           0x20000029   Data           1  m1_statemachine.o(.data)
    e1M1_RunSubState                         0x2000002a   Data           1  m1_statemachine.o(.data)
    CWCCW_bIOInput                           0x20000030   Data           1  mc_drive.o(.data)
    hall_cnt                                 0x2000004c   Data           4  mc_drive.o(.data)
    hall_info                                0x20000050   Data           1  mc_drive.o(.data)
    UART_Flag                                0x20000051   Data           1  ur_ctrl.o(.data)
    UartResponceFlag                         0x20000052   Data           1  ur_ctrl.o(.data)
    Stru_DAC_CHECK                           0x2000005c   Data           6  snr8503x_dac.o(.data)
    ICP_MODE                                 0x20000064   Data           1  snr_bldc_hall_v1p0.o(.data)
    ICP_SetFLAG                              0x20000065   Data           1  snr_bldc_hall_v1p0.o(.data)
    ICP_ResumeCNT                            0x20000066   Data           2  snr_bldc_hall_v1p0.o(.data)
    ICP_SetCNT                               0x20000068   Data           2  snr_bldc_hall_v1p0.o(.data)
    ICP_LoadCNT                              0x2000006a   Data           2  snr_bldc_hall_v1p0.o(.data)
    ICP_LOWCNT                               0x2000006c   Data           2  snr_bldc_hall_v1p0.o(.data)
    ICP_LOWCNT_BAK                           0x2000006e   Data           2  snr_bldc_hall_v1p0.o(.data)
    ICP_HIGCNT                               0x20000070   Data           2  snr_bldc_hall_v1p0.o(.data)
    ICP_HIGCNT_BAK                           0x20000072   Data           2  snr_bldc_hall_v1p0.o(.data)
    BLDC_1                                   0x20000074   Data           4  snr_bldc_hall_v1p0.o(.data)
    BLDC_BUFF                                0x20000078   Data           4  snr_bldc_hall_v1p0.o(.data)
    BLDC_BUFF1                               0x2000007c   Data           4  snr_bldc_hall_v1p0.o(.data)
    Motor                                    0x20000080   Data         148  global_variable.o(.bss)
    User_sys                                 0x20000114   Data          68  global_variable.o(.bss)
    MOS_Selftest                             0x20000158   Data          32  mostest.o(.bss)
    RP                                       0x20000178   Data          32  speedramp.o(.bss)
    RPValue                                  0x20000198   Data          24  speedramp.o(.bss)
    SPEED_Cmd                                0x200001b0   Data          32  speedramp.o(.bss)
    SPEEDValue                               0x200001d0   Data          24  speedramp.o(.bss)
    PIParmIevg                               0x200001e8   Data          36  pid.o(.bss)
    PIParmS                                  0x2000020c   Data          36  pid.o(.bss)
    rxd_comm0                                0x20000230   Data         262  ur_ctrl.o(.bss)
    Uart_R_DATA                              0x20000336   Data           9  ur_ctrl.o(.bss)
    __libspace_start                         0x20000340   Data          96  libspace.o(.bss)
    __temporary_stack_top$libspace           0x200003a0   Data           0  libspace.o(.bss)



==============================================================================

Memory Map of the image

  Image Entry point : 0x000000c1

  Load Region LR_IROM1 (Base: 0x00000000, Size: 0x00002d88, Max: 0x00040000, ABSOLUTE)

    Execution Region ER_IROM1 (Exec base: 0x00000000, Load base: 0x00000000, Size: 0x00002d08, Max: 0x00040000, ABSOLUTE)

    Exec Addr    Load Addr    Size         Type   Attr      Idx    E Section Name        Object

    0x00000000   0x00000000   0x000000c0   Data   RO         1565    RESET               startup_snr8503x.o
    0x000000c0   0x000000c0   0x00000008   Code   RO         2021  * !!!main             c_p.l(__main.o)
    0x000000c8   0x000000c8   0x0000003c   Code   RO         2206    !!!scatter          c_p.l(__scatter.o)
    0x00000104   0x00000104   0x0000001a   Code   RO         2208    !!handler_copy      c_p.l(__scatter_copy.o)
    0x0000011e   0x0000011e   0x00000002   PAD
    0x00000120   0x00000120   0x0000001c   Code   RO         2210    !!handler_zi        c_p.l(__scatter_zi.o)
    0x0000013c   0x0000013c   0x00000002   Code   RO         2073    .ARM.Collect$$libinit$$00000000  c_p.l(libinit.o)
    0x0000013e   0x0000013e   0x00000000   Code   RO         2087    .ARM.Collect$$libinit$$00000002  c_p.l(libinit2.o)
    0x0000013e   0x0000013e   0x00000000   Code   RO         2089    .ARM.Collect$$libinit$$00000004  c_p.l(libinit2.o)
    0x0000013e   0x0000013e   0x00000000   Code   RO         2092    .ARM.Collect$$libinit$$0000000A  c_p.l(libinit2.o)
    0x0000013e   0x0000013e   0x00000000   Code   RO         2094    .ARM.Collect$$libinit$$0000000C  c_p.l(libinit2.o)
    0x0000013e   0x0000013e   0x00000000   Code   RO         2096    .ARM.Collect$$libinit$$0000000E  c_p.l(libinit2.o)
    0x0000013e   0x0000013e   0x00000000   Code   RO         2099    .ARM.Collect$$libinit$$00000011  c_p.l(libinit2.o)
    0x0000013e   0x0000013e   0x00000000   Code   RO         2101    .ARM.Collect$$libinit$$00000013  c_p.l(libinit2.o)
    0x0000013e   0x0000013e   0x00000000   Code   RO         2103    .ARM.Collect$$libinit$$00000015  c_p.l(libinit2.o)
    0x0000013e   0x0000013e   0x00000000   Code   RO         2105    .ARM.Collect$$libinit$$00000017  c_p.l(libinit2.o)
    0x0000013e   0x0000013e   0x00000000   Code   RO         2107    .ARM.Collect$$libinit$$00000019  c_p.l(libinit2.o)
    0x0000013e   0x0000013e   0x00000000   Code   RO         2109    .ARM.Collect$$libinit$$0000001B  c_p.l(libinit2.o)
    0x0000013e   0x0000013e   0x00000000   Code   RO         2111    .ARM.Collect$$libinit$$0000001D  c_p.l(libinit2.o)
    0x0000013e   0x0000013e   0x00000000   Code   RO         2113    .ARM.Collect$$libinit$$0000001F  c_p.l(libinit2.o)
    0x0000013e   0x0000013e   0x00000000   Code   RO         2115    .ARM.Collect$$libinit$$00000021  c_p.l(libinit2.o)
    0x0000013e   0x0000013e   0x00000000   Code   RO         2117    .ARM.Collect$$libinit$$00000023  c_p.l(libinit2.o)
    0x0000013e   0x0000013e   0x00000000   Code   RO         2119    .ARM.Collect$$libinit$$00000025  c_p.l(libinit2.o)
    0x0000013e   0x0000013e   0x00000000   Code   RO         2123    .ARM.Collect$$libinit$$0000002C  c_p.l(libinit2.o)
    0x0000013e   0x0000013e   0x00000000   Code   RO         2125    .ARM.Collect$$libinit$$0000002E  c_p.l(libinit2.o)
    0x0000013e   0x0000013e   0x00000000   Code   RO         2127    .ARM.Collect$$libinit$$00000030  c_p.l(libinit2.o)
    0x0000013e   0x0000013e   0x00000000   Code   RO         2129    .ARM.Collect$$libinit$$00000032  c_p.l(libinit2.o)
    0x0000013e   0x0000013e   0x00000002   Code   RO         2130    .ARM.Collect$$libinit$$00000033  c_p.l(libinit2.o)
    0x00000140   0x00000140   0x00000002   Code   RO         2161    .ARM.Collect$$libshutdown$$00000000  c_p.l(libshutdown.o)
    0x00000142   0x00000142   0x00000000   Code   RO         2187    .ARM.Collect$$libshutdown$$00000002  c_p.l(libshutdown2.o)
    0x00000142   0x00000142   0x00000000   Code   RO         2189    .ARM.Collect$$libshutdown$$00000004  c_p.l(libshutdown2.o)
    0x00000142   0x00000142   0x00000000   Code   RO         2191    .ARM.Collect$$libshutdown$$00000006  c_p.l(libshutdown2.o)
    0x00000142   0x00000142   0x00000000   Code   RO         2194    .ARM.Collect$$libshutdown$$00000009  c_p.l(libshutdown2.o)
    0x00000142   0x00000142   0x00000000   Code   RO         2197    .ARM.Collect$$libshutdown$$0000000C  c_p.l(libshutdown2.o)
    0x00000142   0x00000142   0x00000000   Code   RO         2199    .ARM.Collect$$libshutdown$$0000000E  c_p.l(libshutdown2.o)
    0x00000142   0x00000142   0x00000000   Code   RO         2202    .ARM.Collect$$libshutdown$$00000011  c_p.l(libshutdown2.o)
    0x00000142   0x00000142   0x00000002   Code   RO         2203    .ARM.Collect$$libshutdown$$00000012  c_p.l(libshutdown2.o)
    0x00000144   0x00000144   0x00000000   Code   RO         2036    .ARM.Collect$$rtentry$$00000000  c_p.l(__rtentry.o)
    0x00000144   0x00000144   0x00000000   Code   RO         2043    .ARM.Collect$$rtentry$$00000002  c_p.l(__rtentry2.o)
    0x00000144   0x00000144   0x00000006   Code   RO         2055    .ARM.Collect$$rtentry$$00000004  c_p.l(__rtentry4.o)
    0x0000014a   0x0000014a   0x00000000   Code   RO         2045    .ARM.Collect$$rtentry$$00000009  c_p.l(__rtentry2.o)
    0x0000014a   0x0000014a   0x00000004   Code   RO         2046    .ARM.Collect$$rtentry$$0000000A  c_p.l(__rtentry2.o)
    0x0000014e   0x0000014e   0x00000000   Code   RO         2048    .ARM.Collect$$rtentry$$0000000C  c_p.l(__rtentry2.o)
    0x0000014e   0x0000014e   0x00000008   Code   RO         2049    .ARM.Collect$$rtentry$$0000000D  c_p.l(__rtentry2.o)
    0x00000156   0x00000156   0x00000002   Code   RO         2078    .ARM.Collect$$rtexit$$00000000  c_p.l(rtexit.o)
    0x00000158   0x00000158   0x00000000   Code   RO         2134    .ARM.Collect$$rtexit$$00000002  c_p.l(rtexit2.o)
    0x00000158   0x00000158   0x00000004   Code   RO         2135    .ARM.Collect$$rtexit$$00000003  c_p.l(rtexit2.o)
    0x0000015c   0x0000015c   0x00000006   Code   RO         2136    .ARM.Collect$$rtexit$$00000004  c_p.l(rtexit2.o)
    0x00000162   0x00000162   0x00000002   PAD
    0x00000164   0x00000164   0x00000044   Code   RO         1566    .text               startup_snr8503x.o
    0x000001a8   0x000001a8   0x00000040   Code   RO         2013    .text               c_p.l(rt_memclr.o)
    0x000001e8   0x000001e8   0x0000015a   Code   RO         2015    .text               c_p.l(aeabi_sdiv.o)
    0x00000342   0x00000342   0x00000006   Code   RO         2019    .text               c_p.l(heapauxi.o)
    0x00000348   0x00000348   0x00000160   Code   RO         2025    .text               fz_ps.l(fdiv.o)
    0x000004a8   0x000004a8   0x00000030   Code   RO         2030    .text               fz_ps.l(ffixui.o)
    0x000004d8   0x000004d8   0x0000005e   Code   RO         2032    .text               fz_ps.l(fflti.o)
    0x00000536   0x00000536   0x0000003e   Code   RO         2059    .text               c_p.l(sys_stackheap_outer.o)
    0x00000574   0x00000574   0x00000010   Code   RO         2062    .text               c_p.l(exit.o)
    0x00000584   0x00000584   0x00000008   Code   RO         2074    .text               c_p.l(libspace.o)
    0x0000058c   0x0000058c   0x0000000c   Code   RO         2131    .text               c_p.l(sys_exit.o)
    0x00000598   0x00000598   0x00000002   Code   RO         2150    .text               c_p.l(use_no_semi.o)
    0x0000059a   0x0000059a   0x00000000   Code   RO         2152    .text               c_p.l(indicate_semi.o)
    0x0000059a   0x0000059a   0x00000002   PAD
    0x0000059c   0x0000059c   0x0000003c   Code   RO          430    i.ADC_IRQHandler    interrupt.o
    0x000005d8   0x000005d8   0x00000090   Code   RO          904    i.ADC_Init          snr8503x_adc.o
    0x00000668   0x00000668   0x00000022   Code   RO          905    i.ADC_StructInit    snr8503x_adc.o
    0x0000068a   0x0000068a   0x00000002   PAD
    0x0000068c   0x0000068c   0x00000054   Code   RO            1    i.ADC_init          hardware_init.o
    0x000006e0   0x000006e0   0x00000048   Code   RO          693    i.BLDC_Brake        mc_drive.o
    0x00000728   0x00000728   0x00000058   Code   RO          623    i.BLDC_Sensor_Judge  sensor_control.o
    0x00000780   0x00000780   0x0000008c   Code   RO          624    i.BLDC_Sensor_control  sensor_control.o
    0x0000080c   0x0000080c   0x00000028   Code   RO          694    i.BLDC_Stop         mc_drive.o
    0x00000834   0x00000834   0x0000003c   Code   RO         1888    i.BLDC_init         SNR_BLDC_HALL_V1p0.lib(snr_bldc_hall_v1p0.o)
    0x00000870   0x00000870   0x00000068   Code   RO          431    i.CMP_IRQHandler    interrupt.o
    0x000008d8   0x000008d8   0x000000e0   Code   RO          926    i.CMP_Init          snr8503x_cmp.o
    0x000009b8   0x000009b8   0x0000003e   Code   RO          927    i.CMP_StructInit    snr8503x_cmp.o
    0x000009f6   0x000009f6   0x00000042   Code   RO            2    i.CMP_init          hardware_init.o
    0x00000a38   0x00000a38   0x0000000c   Code   RO          695    i.CWCCW_PowerOn     mc_drive.o
    0x00000a44   0x00000a44   0x00000060   Code   RO          696    i.CWCCW_ReadIO      mc_drive.o
    0x00000aa4   0x00000aa4   0x00000044   Code   RO          653    i.CalcGraudNormalizationData  speedramp.o
    0x00000ae8   0x00000ae8   0x00000062   Code   RO          654    i.CalcNormalization  speedramp.o
    0x00000b4a   0x00000b4a   0x00000038   Code   RO          766    i.CalcPI            pid.o
    0x00000b82   0x00000b82   0x00000002   PAD
    0x00000b84   0x00000b84   0x00000040   Code   RO            3    i.Clock_Init        hardware_init.o
    0x00000bc4   0x00000bc4   0x000000b4   Code   RO          245    i.CurrentOffsetCalibration  system_init.o
    0x00000c78   0x00000c78   0x00000034   Code   RO          368    i.Current_Limit     protect.o
    0x00000cac   0x00000cac   0x00000084   Code   RO         1526    i.DAC_Init          snr8503x_dac.o
    0x00000d30   0x00000d30   0x00000030   Code   RO         1527    i.DAC_OutputValue   snr8503x_dac.o
    0x00000d60   0x00000d60   0x0000000a   Code   RO         1529    i.DAC_StructInit    snr8503x_dac.o
    0x00000d6a   0x00000d6a   0x0000001c   Code   RO            4    i.DAC_init          hardware_init.o
    0x00000d86   0x00000d86   0x00000002   PAD
    0x00000d88   0x00000d88   0x00000048   Code   RO          246    i.DC_offset_protect  system_init.o
    0x00000dd0   0x00000dd0   0x0000000c   Code   RO          432    i.DMA_IRQHandler    interrupt.o
    0x00000ddc   0x00000ddc   0x0000000e   Code   RO          974    i.DSP_Cmd           snr8503x_dsp.o
    0x00000dea   0x00000dea   0x00000002   PAD
    0x00000dec   0x00000dec   0x00000068   Code   RO          433    i.Digital_Value_Getting  interrupt.o
    0x00000e54   0x00000e54   0x00000014   Code   RO          434    i.GPIO_IRQHandler   interrupt.o
    0x00000e68   0x00000e68   0x00000074   Code   RO         1041    i.GPIO_Init         snr8503x_gpio.o
    0x00000edc   0x00000edc   0x000000d4   Code   RO         1042    i.GPIO_PinAFConfig  snr8503x_gpio.o
    0x00000fb0   0x00000fb0   0x0000000e   Code   RO         1044    i.GPIO_ReadInputDataBit  snr8503x_gpio.o
    0x00000fbe   0x00000fbe   0x0000000c   Code   RO         1049    i.GPIO_StructInit   snr8503x_gpio.o
    0x00000fca   0x00000fca   0x0000000c   Code   RO         1051    i.GPIO_WriteBit     snr8503x_gpio.o
    0x00000fd6   0x00000fd6   0x00000002   PAD
    0x00000fd8   0x00000fd8   0x000000d4   Code   RO            5    i.GPIO_init         hardware_init.o
    0x000010ac   0x000010ac   0x0000000c   Code   RO         1122    i.HALL_ClearIRQFlag  snr8503x_hall.o
    0x000010b8   0x000010b8   0x00000010   Code   RO         1126    i.HALL_GetFilterValue  snr8503x_hall.o
    0x000010c8   0x000010c8   0x0000000c   Code   RO         1127    i.HALL_GetIRQFlag   snr8503x_hall.o
    0x000010d4   0x000010d4   0x00000194   Code   RO          435    i.HALL_IRQHandler   interrupt.o
    0x00001268   0x00001268   0x00000050   Code   RO         1128    i.HALL_Init         snr8503x_hall.o
    0x000012b8   0x000012b8   0x00000034   Code   RO            6    i.HALL_Perip_Init   hardware_init.o
    0x000012ec   0x000012ec   0x00000024   Code   RO         1131    i.HALL_StructInit   snr8503x_hall.o
    0x00001310   0x00001310   0x00000020   Code   RO         1889    i.HALL_Update       SNR_BLDC_HALL_V1p0.lib(snr_bldc_hall_v1p0.o)
    0x00001330   0x00001330   0x0000000c   Code   RO         1132    i.HALL_WIDCount     snr8503x_hall.o
    0x0000133c   0x0000133c   0x000000d8   Code   RO            8    i.Hardware_init     hardware_init.o
    0x00001414   0x00001414   0x00000002   Code   RO          436    i.I2C_IRQHandler    interrupt.o
    0x00001416   0x00001416   0x00000002   PAD
    0x00001418   0x00001418   0x0000015c   Code   RO         1890    i.ICP_Loader        SNR_BLDC_HALL_V1p0.lib(snr_bldc_hall_v1p0.o)
    0x00001574   0x00001574   0x00000010   Code   RO         1235    i.IWDG_DISABLE      snr8503x_iwdg.o
    0x00001584   0x00001584   0x0000002e   Code   RO          655    i.InitNormalization  speedramp.o
    0x000015b2   0x000015b2   0x00000002   PAD
    0x000015b4   0x000015b4   0x00000044   Code   RO          767    i.InitPI            pid.o
    0x000015f8   0x000015f8   0x000000cc   Code   RO          186    i.Init_Parameter    global_variable.o
    0x000016c4   0x000016c4   0x00000038   Code   RO          541    i.M1M1_Fault        m1_statemachine.o
    0x000016fc   0x000016fc   0x00000014   Code   RO          542    i.M1M1_Init         m1_statemachine.o
    0x00001710   0x00001710   0x00000014   Code   RO          543    i.M1M1_Run          m1_statemachine.o
    0x00001724   0x00001724   0x0000000c   Code   RO          544    i.M1M1_RunAlign     m1_statemachine.o
    0x00001730   0x00001730   0x00000034   Code   RO          545    i.M1M1_RunBrake     m1_statemachine.o
    0x00001764   0x00001764   0x0000000c   Code   RO          546    i.M1M1_RunCalib     m1_statemachine.o
    0x00001770   0x00001770   0x0000002c   Code   RO          547    i.M1M1_RunFreerun_Det  m1_statemachine.o
    0x0000179c   0x0000179c   0x0000000c   Code   RO          548    i.M1M1_RunReady     m1_statemachine.o
    0x000017a8   0x000017a8   0x00000020   Code   RO          549    i.M1M1_RunSpin      m1_statemachine.o
    0x000017c8   0x000017c8   0x00000074   Code   RO          550    i.M1M1_RunStartup   m1_statemachine.o
    0x0000183c   0x0000183c   0x00000024   Code   RO          551    i.M1M1_Stop         m1_statemachine.o
    0x00001860   0x00001860   0x00000018   Code   RO          552    i.M1M1_SwitchRunStop  m1_statemachine.o
    0x00001878   0x00001878   0x00000040   Code   RO          437    i.MCPWM0_IRQHandler  interrupt.o
    0x000018b8   0x000018b8   0x00000002   Code   RO          438    i.MCPWM1_IRQHandler  interrupt.o
    0x000018ba   0x000018ba   0x00000002   PAD
    0x000018bc   0x000018bc   0x0000027c   Code   RO         1269    i.MCPWM_Init        snr8503x_mcpwm.o
    0x00001b38   0x00001b38   0x0000000a   Code   RO         1270    i.MCPWM_StructInit  snr8503x_mcpwm.o
    0x00001b42   0x00001b42   0x00000002   PAD
    0x00001b44   0x00001b44   0x000000b0   Code   RO            9    i.MCPWM_init        hardware_init.o
    0x00001bf4   0x00001bf4   0x000000b8   Code   RO          312    i.MOS_Check_Step    mostest.o
    0x00001cac   0x00001cac   0x0000009c   Code   RO          369    i.MOS_TEMP_protect  protect.o
    0x00001d48   0x00001d48   0x00000100   Code   RO          313    i.MosTest           mostest.o
    0x00001e48   0x00001e48   0x00000040   Code   RO          370    i.Motor_Block_Protect  protect.o
    0x00001e88   0x00001e88   0x00000060   Code   RO          697    i.Motor_LED_DISP    mc_drive.o
    0x00001ee8   0x00001ee8   0x000000e0   Code   RO          698    i.Motor_LED_Error   mc_drive.o
    0x00001fc8   0x00001fc8   0x0000001c   Code   RO          249    i.Multiplex_nRST    system_init.o
    0x00001fe4   0x00001fe4   0x00000018   Code   RO           10    i.NVIC_EnableIRQ    hardware_init.o
    0x00001ffc   0x00001ffc   0x00000044   Code   RO           11    i.NVIC_SetPriority  hardware_init.o
    0x00002040   0x00002040   0x000000ac   Code   RO          371    i.OVER_current_protect  protect.o
    0x000020ec   0x000020ec   0x00000024   Code   RO           12    i.PGA_init          hardware_init.o
    0x00002110   0x00002110   0x0000002c   Code   RO         1272    i.PWMOutputs        snr8503x_mcpwm.o
    0x0000213c   0x0000213c   0x00000038   Code   RO          699    i.Phase_COMPENSATION_Cal  mc_drive.o
    0x00002174   0x00002174   0x00000064   Code   RO          700    i.PiCurrentLimitPWMDuty  mc_drive.o
    0x000021d8   0x000021d8   0x00000060   Code   RO         1845    i.Read_Trim         snr8503x_nvr.lib(lks32mc03x_nvr.o)
    0x00002238   0x00002238   0x00000002   Code   RO          439    i.SPI_IRQHandler    interrupt.o
    0x0000223a   0x0000223a   0x00000002   Code   RO          440    i.SW_IRQHandler     interrupt.o
    0x0000223c   0x0000223c   0x00000044   Code   RO         1358    i.SYS_AnalogModuleClockCmd  snr8503x_sys.o
    0x00002280   0x00002280   0x00000024   Code   RO         1362    i.SYS_ModuleClockCmd  snr8503x_sys.o
    0x000022a4   0x000022a4   0x00000018   Code   RO         1363    i.SYS_SoftResetModule  snr8503x_sys.o
    0x000022bc   0x000022bc   0x00000012   Code   RO           13    i.SoftDelay         hardware_init.o
    0x000022ce   0x000022ce   0x00000002   Code   RO          441    i.SysTick_Handler   interrupt.o
    0x000022d0   0x000022d0   0x00000008   Code   RO           14    i.SystemInit        hardware_init.o
    0x000022d8   0x000022d8   0x00000038   Code   RO          442    i.TIMER0_IRQHandler  interrupt.o
    0x00002310   0x00002310   0x00000014   Code   RO          443    i.TIMER1_IRQHandler  interrupt.o
    0x00002324   0x00002324   0x000000ac   Code   RO         1413    i.TIM_TimerInit     snr8503x_timer.o
    0x000023d0   0x000023d0   0x00000034   Code   RO         1414    i.TIM_TimerStrutInit  snr8503x_timer.o
    0x00002404   0x00002404   0x00000074   Code   RO          342    i.Task_Scheduler    main.o
    0x00002478   0x00002478   0x00000070   Code   RO          796    i.UART0_init        ur_ctrl.o
    0x000024e8   0x000024e8   0x00000010   Code   RO          797    i.UART0_init_buffer  ur_ctrl.o
    0x000024f8   0x000024f8   0x00000044   Code   RO          444    i.UART_IRQHandler   interrupt.o
    0x0000253c   0x0000253c   0x00000094   Code   RO         1482    i.UART_Init         snr8503x_uart.o
    0x000025d0   0x000025d0   0x0000001e   Code   RO         1485    i.UART_StructInit   snr8503x_uart.o
    0x000025ee   0x000025ee   0x00000002   PAD
    0x000025f0   0x000025f0   0x00000068   Code   RO           15    i.UTimer_init       hardware_init.o
    0x00002658   0x00002658   0x000000b0   Code   RO          798    i.UartDealRX        ur_ctrl.o
    0x00002708   0x00002708   0x00000014   Code   RO          799    i.UartDealTX        ur_ctrl.o
    0x0000271c   0x0000271c   0x0000010c   Code   RO          701    i.VSP_Control_Motor  mc_drive.o
    0x00002828   0x00002828   0x0000013c   Code   RO          372    i.Vol_protect       protect.o
    0x00002964   0x00002964   0x00000002   Code   RO          445    i.WAKE_IRQHandler   interrupt.o
    0x00002966   0x00002966   0x0000001a   Code   RO          330    i.__ARM_common_switch8  mostest.o
    0x00002980   0x00002980   0x00000024   Code   RO          868    i.delay_init        delay.o
    0x000029a4   0x000029a4   0x0000002c   Code   RO          869    i.delay_ms          delay.o
    0x000029d0   0x000029d0   0x0000002c   Code   RO          870    i.delay_us          delay.o
    0x000029fc   0x000029fc   0x0000002c   Code   RO          871    i.delay_xms         delay.o
    0x00002a28   0x00002a28   0x000000ac   Code   RO          343    i.main              main.o
    0x00002ad4   0x00002ad4   0x00000020   Code   RO          373    i.procHander        protect.o
    0x00002af4   0x00002af4   0x00000020   Code   RO          251    i.sys_init          system_init.o
    0x00002b14   0x00002b14   0x000000ac   Code   RO          187    i.variable_reset    global_variable.o
    0x00002bc0   0x00002bc0   0x000000b0   Code   RO         2034    x$fpl$fmul          fz_ps.l(fmul.o)
    0x00002c70   0x00002c70   0x00000000   Code   RO         2041    x$fpl$usenofp       fz_ps.l(usenofp.o)
    0x00002c70   0x00002c70   0x0000000a   Data   RO          191    .constdata          global_variable.o
    0x00002c7a   0x00002c7a   0x00000002   PAD
    0x00002c7c   0x00002c7c   0x00000010   Data   RO          553    .constdata          m1_statemachine.o
    0x00002c8c   0x00002c8c   0x0000001c   Data   RO          554    .constdata          m1_statemachine.o
    0x00002ca8   0x00002ca8   0x00000040   Data   RO         2026    .constdata          fz_ps.l(fdiv.o)
    0x00002ce8   0x00002ce8   0x00000020   Data   RO         2204    Region$$Table       anon$$obj.o


    Execution Region RW_IRAM1 (Exec base: 0x20000000, Load base: 0x00002d08, Size: 0x000005f0, Max: 0x00020000, ABSOLUTE)

    Exec Addr    Load Addr    Size         Type   Attr      Idx    E Section Name        Object

    0x20000000   0x00002d08   0x00000006   Data   RW          192    .data               global_variable.o
    0x20000006   0x00002d0e   0x00000002   PAD
    0x20000008   0x00002d10   0x00000008   Data   RW          193    .data               global_variable.o
    0x20000010   0x00002d18   0x00000001   Data   RW          194    .data               global_variable.o
    0x20000011   0x00002d19   0x00000001   PAD
    0x20000012   0x00002d1a   0x00000014   Data   RW          374    .data               protect.o
    0x20000026   0x00002d2e   0x00000003   Data   RW          446    .data               interrupt.o
    0x20000029   0x00002d31   0x00000002   Data   RW          555    .data               m1_statemachine.o
    0x2000002b   0x00002d33   0x00000001   PAD
    0x2000002c   0x00002d34   0x00000002   Data   RW          662    .data               speedramp.o
    0x2000002e   0x00002d36   0x00000002   PAD
    0x20000030   0x00002d38   0x0000001c   Data   RW          702    .data               mc_drive.o
    0x2000004c   0x00002d54   0x00000004   Data   RW          703    .data               mc_drive.o
    0x20000050   0x00002d58   0x00000001   Data   RW          704    .data               mc_drive.o
    0x20000051   0x00002d59   0x00000002   Data   RW          805    .data               ur_ctrl.o
    0x20000053   0x00002d5b   0x00000001   PAD
    0x20000054   0x00002d5c   0x00000008   Data   RW          872    .data               delay.o
    0x2000005c   0x00002d64   0x00000006   Data   RW         1530    .data               snr8503x_dac.o
    0x20000062   0x00002d6a   0x00000002   PAD
    0x20000064   0x00002d6c   0x0000001c   Data   RW         1891    .data               SNR_BLDC_HALL_V1p0.lib(snr_bldc_hall_v1p0.o)
    0x20000080        -       0x000000d8   Zero   RW          188    .bss                global_variable.o
    0x20000158        -       0x00000020   Zero   RW          314    .bss                mostest.o
    0x20000178        -       0x00000020   Zero   RW          656    .bss                speedramp.o
    0x20000198        -       0x00000018   Zero   RW          657    .bss                speedramp.o
    0x200001b0        -       0x00000020   Zero   RW          658    .bss                speedramp.o
    0x200001d0        -       0x00000018   Zero   RW          659    .bss                speedramp.o
    0x200001e8        -       0x00000048   Zero   RW          768    .bss                pid.o
    0x20000230        -       0x0000010f   Zero   RW          803    .bss                ur_ctrl.o
    0x2000033f   0x00002d88   0x00000001   PAD
    0x20000340        -       0x00000060   Zero   RW         2075    .bss                c_p.l(libspace.o)
    0x200003a0        -       0x00000200   Zero   RW         1564    HEAP                startup_snr8503x.o
    0x200005a0        -       0x00000050   Zero   RW         1563    STACK               startup_snr8503x.o


==============================================================================

Image component sizes


      Code (inc. data)   RO Data    RW Data    ZI Data      Debug   Object Name

       168         28          0          8          0       2587   delay.o
       376         58         10         15        216       6013   global_variable.o
      1156        110          0          0          0      38363   hardware_init.o
       924        132          0          3          0       9023   interrupt.o
       436         96         44          2          0       8769   m1_statemachine.o
       288         52          0          0          0       1136   main.o
       964        132          0         33          0       5908   mc_drive.o
       466         84          0          0         32       3074   mostest.o
       124         14          0          0         72       2471   pid.o
       792        126          0         20          0       5329   protect.o
       228         52          0          0          0       1334   sensor_control.o
       178         12          0          0          0       1860   snr8503x_adc.o
       286         18          0          0          0       1696   snr8503x_cmp.o
       190         22          0          6          0       2831   snr8503x_dac.o
        14          0          0          0          0        550   snr8503x_dsp.o
       366         28          0          0          0       4301   snr8503x_gpio.o
       168         30          0          0          0       3914   snr8503x_hall.o
        16          6          0          0          0        503   snr8503x_iwdg.o
       690         28          0          0          0       2609   snr8503x_mcpwm.o
       128         28          0          0          0       1874   snr8503x_sys.o
       224         10          0          0          0       1849   snr8503x_timer.o
       178         14          0          0          0       2038   snr8503x_uart.o
       212          6          0          2        112       3852   speedramp.o
        68         32        192          0        592        752   startup_snr8503x.o
       312         56          0          0          0       2803   system_init.o
       324         32          0          2        271       7573   ur_ctrl.o

    ----------------------------------------------------------------------
      9296       1206        280        100       1296     123012   Object Totals
         0          0         32          0          0          0   (incl. Generated)
        20          0          2          9          1          0   (incl. Padding)

    ----------------------------------------------------------------------

      Code (inc. data)   RO Data    RW Data    ZI Data      Debug   Library Member Name

       440         26          0         28          0      11142   snr_bldc_hall_v1p0.o
         8          0          0          0          0         68   __main.o
         0          0          0          0          0          0   __rtentry.o
        12          0          0          0          0          0   __rtentry2.o
         6          0          0          0          0          0   __rtentry4.o
        60          8          0          0          0          0   __scatter.o
        26          0          0          0          0          0   __scatter_copy.o
        28          0          0          0          0          0   __scatter_zi.o
       346          0          0          0          0         92   aeabi_sdiv.o
        16          0          0          0          0         68   exit.o
         6          0          0          0          0        136   heapauxi.o
         0          0          0          0          0          0   indicate_semi.o
         2          0          0          0          0          0   libinit.o
         2          0          0          0          0          0   libinit2.o
         2          0          0          0          0          0   libshutdown.o
         2          0          0          0          0          0   libshutdown2.o
         8          4          0          0         96         68   libspace.o
        64          0          0          0          0        108   rt_memclr.o
         2          0          0          0          0          0   rtexit.o
        10          0          0          0          0          0   rtexit2.o
        12          4          0          0          0         60   sys_exit.o
        62          0          0          0          0         80   sys_stackheap_outer.o
         2          0          0          0          0         68   use_no_semi.o
       352         10         64          0          0         92   fdiv.o
        48          0          0          0          0         60   ffixui.o
        94          0          0          0          0         92   fflti.o
       176          4          0          0          0         80   fmul.o
         0          0          0          0          0          0   usenofp.o
        96          6          0          0          0        568   lks32mc03x_nvr.o

    ----------------------------------------------------------------------
      1888         62         64         28         96      12782   Library Totals
         6          0          0          0          0          0   (incl. Padding)

    ----------------------------------------------------------------------

      Code (inc. data)   RO Data    RW Data    ZI Data      Debug   Library Name

       440         26          0         28          0      11142   SNR_BLDC_HALL_V1p0.lib
       676         16          0          0         96        748   c_p.l
       670         14         64          0          0        324   fz_ps.l
        96          6          0          0          0        568   snr8503x_nvr.lib

    ----------------------------------------------------------------------
      1888         62         64         28         96      12782   Library Totals

    ----------------------------------------------------------------------

==============================================================================


      Code (inc. data)   RO Data    RW Data    ZI Data      Debug   

     11184       1268        344        128       1392     130494   Grand Totals
     11184       1268        344        128       1392     130494   ELF Image Totals
     11184       1268        344        128          0          0   ROM Totals

==============================================================================

    Total RO  Size (Code + RO Data)                11528 (  11.26kB)
    Total RW  Size (RW Data + ZI Data)              1520 (   1.48kB)
    Total ROM Size (Code + RO Data + RW Data)      11656 (  11.38kB)

==============================================================================

