<html>
<body>
<pre>
<h1>µVision Build Log</h1>
<h2>Tool Versions:</h2>
IDE-Version: µVision V5.40.0.0
Copyright (C) 2024 ARM Ltd and ARM Germany GmbH. All rights reserved.
License Information: Nick Jones, Jineli LTD, LIC=----
 
Tool Versions:
Toolchain:       MDK-Lite  Version: 5.40.0.3
Toolchain Path:  C:\Users\mw6na\AppData\Local\Keil_v5\ARM\Arm_Compiler_5.06u7\Bin
C Compiler:      Armcc.exe V5.06 update 7 (build 960)
Assembler:       Armasm.exe V5.06 update 7 (build 960)
Linker/Locator:  ArmLink.exe V5.06 update 7 (build 960)
Library Manager: ArmAr.exe V5.06 update 7 (build 960)
Hex Converter:   FromElf.exe V5.06 update 7 (build 960)
CPU DLL:         SARMCM3.DLL V5.40.0.3
Dialog DLL:      DARMCM1.DLL V1.19.6.0
Target DLL:      Segger\JL2CM3.dll V2.99.44.0
Dialog DLL:      TARMCM1.DLL V1.14.6.0
 
<h2>Project:</h2>
C:\Users\mw6na\OneDrive\Work\2_Motors\SNR8503m_BLDC_My_GitHub\SNR8503M-Hall\SNR8503M_BLDC_Hall_LIB_V24\SNR_StdPeriph.uvprojx
Project File Date:  07/09/2024

<h2>Output:</h2>
*** Using Compiler 'V5.06 update 7 (build 960)', folder: 'C:\Users\mw6na\AppData\Local\Keil_v5\ARM\Arm_Compiler_5.06u7\Bin'
Rebuild target 'SNR 85x Project'
compiling SpeedRamp.c...
compiling Sensor_Control.c...
compiling Protect.c...
compiling main.c...
compiling Global_Variable.c...
compiling interrupt.c...
compiling System_Init.c...
compiling MosTest.c...
compiling hardware_init.c...
compiling M1_StateMachine.c...
Kernal_Source\M1_StateMachine.c(388): warning:  #177-D: function "M1M1_SwitchRunReadyAlign"  was declared but never referenced
  static void M1M1_SwitchRunReadyAlign(void)
Kernal_Source\M1_StateMachine.c: 1 warning, 0 errors
compiling MC_Drive.c...
compiling delay.c...
compiling PID.c...
compiling snr8503x_adc.c...
compiling UR_Ctrl.c...
Kernal_Source\UR_Ctrl.c(223): warning:  #550-D: variable "PowerCMD"  was set but never used
  	u16 PowerCMD;
Kernal_Source\UR_Ctrl.c: 1 warning, 0 errors
compiling snr8503x_cmp.c...
compiling snr8503x_DMA.c...
compiling snr8503x_dsp.c...
compiling snr8503x_Flash.c...
compiling snr8503x_gpio.c...
compiling snr8503x_hall.c...
compiling snr8503x_I2C.c...
compiling snr8503x_MCPWM.c...
compiling snr8503x_IWDG.c...
compiling snr8503x_spi.c...
compiling snr8503x_sys.c...
compiling snr8503x_timer.c...
assembling startup_snr8503x.s...
compiling snr8503x_uart.c...
compiling snr8503x_dac.c...
compiling SEGGER_RTT_printf.c...
compiling SEGGER_RTT.c...
linking...
Program Size: Code=11216 RO-data=344 RW-data=128 ZI-data=1392  
FromELF: creating hex file...
".\Obj\SNR_MC_Project.axf" - 0 Error(s), 2 Warning(s).

<h2>Software Packages used:</h2>

Package Vendor: ARM
                https://www.keil.com/pack/ARM.Cortex_DFP.1.1.0.pack
                ARM::Cortex_DFP@1.1.0
                ARM Cortex Reference Subsystems Device Family Pack

<h2>Collection of Component include folders:</h2>
  C:/Users/mw6na/AppData/Local/Arm/Packs/ARM/Cortex_DFP/1.1.0/Device/ARMCM0/Include

<h2>Collection of Component Files used:</h2>
Build Time Elapsed:  00:00:02
</pre>
</body>
</html>
