<html>
<body>
<pre>
<h1>礦ision Build Log</h1>
<h2>Tool Versions:</h2>
IDE-Version: μVision V5.27.1.0
Copyright (C) 2019 ARM Ltd and ARM Germany GmbH. All rights reserved.
License Information: 221 4507599, HP Inc., LIC=----
 
Tool Versions:
Toolchain:       MDK-Lite  Version: 5.28.0.0
Toolchain Path:  C:\Keil_v5\ARM\ARMCC\Bin
C Compiler:      Armcc.exe V5.06 update 6 (build 750)
Assembler:       Armasm.exe V5.06 update 6 (build 750)
Linker/Locator:  ArmLink.exe V5.06 update 6 (build 750)
Library Manager: ArmAr.exe V5.06 update 6 (build 750)
Hex Converter:   FromElf.exe V5.06 update 6 (build 750)
CPU DLL:         SARMCM3.DLL V5.28.0.0
Dialog DLL:      DARMCM1.DLL V1.19.2.0
Target DLL:      Segger\JL2CM3.dll V2.99.20.0
Dialog DLL:      TARMCM1.DLL V1.14.1.0
 
<h2>Project:</h2>
D:\OneDrive\桌面\BLDC资料\8503\英文版\有霍尔\SNR8503M_BLDC_Hall_LIB_V24\SNR_StdPeriph.uvprojx
Project File Date:  05/10/2023

<h2>Output:</h2>
*** Using Compiler 'V5.06 update 6 (build 750)', folder: 'C:\Keil_v5\ARM\ARMCC\Bin'
Rebuild target 'SNR 85x Project'
compiling Protect.c...
compiling interrupt.c...
compiling hardware_init.c...
compiling System_Init.c...
compiling PID.c...
compiling Sensor_Control.c...
compiling main.c...
compiling SpeedRamp.c...
compiling MosTest.c...
compiling Global_Variable.c...
compiling M1_StateMachine.c...
Kernal_Source\M1_StateMachine.c(388): warning:  #177-D: function "M1M1_SwitchRunReadyAlign"  was declared but never referenced
  static void M1M1_SwitchRunReadyAlign(void)
Kernal_Source\M1_StateMachine.c: 1 warning, 0 errors
compiling UR_Ctrl.c...
Kernal_Source\UR_Ctrl.c(222): warning:  #550-D: variable "PowerCMD"  was set but never used
  	u16 PowerCMD;
Kernal_Source\UR_Ctrl.c: 1 warning, 0 errors
compiling MC_Drive.c...
compiling delay.c...
compiling snr8503x_DMA.c...
compiling snr8503x_adc.c...
compiling snr8503x_dsp.c...
compiling snr8503x_cmp.c...
compiling snr8503x_Flash.c...
compiling snr8503x_gpio.c...
compiling snr8503x_hall.c...
compiling snr8503x_I2C.c...
compiling snr8503x_IWDG.c...
compiling snr8503x_MCPWM.c...
compiling snr8503x_spi.c...
assembling startup_snr8503x.s...
compiling snr8503x_sys.c...
compiling snr8503x_uart.c...
compiling snr8503x_timer.c...
compiling snr8503x_dac.c...
compiling SEGGER_RTT_printf.c...
compiling SEGGER_RTT.c...
linking...
Program Size: Code=10620 RO-data=344 RW-data=128 ZI-data=1120  
FromELF: creating hex file...
".\Obj\SNR_MC_Project.axf" - 0 Error(s), 2 Warning(s).

<h2>Software Packages used:</h2>

Package Vendor: ARM
                http://www.keil.com/pack/ARM.CMSIS.5.5.1.pack
                ARM.CMSIS.5.5.1
                CMSIS (Cortex Microcontroller Software Interface Standard)

<h2>Collection of Component include folders:</h2>
  .\RTE\_SNR_85x_Project
  C:\Keil_v5\ARM\PACK\ARM\CMSIS\5.5.1\Device\ARM\ARMCM0\Include

<h2>Collection of Component Files used:</h2>
Build Time Elapsed:  00:00:01
</pre>
</body>
</html>
